******************************************************************************
                  TI ARM Linker PC v20.2.7                     
******************************************************************************
>> Linked Thu Jan 25 12:36:28 2024

OUTPUT FILE NAME:   <i2c_demo.out>
ENTRY POINT SYMBOL: "_c_int00_noargs"  address: 20008225


MEMORY CONFIGURATION

         name            origin    length      used     unused   attr    fill
----------------------  --------  ---------  --------  --------  ----  --------
  SRAM_CODE             20004000   00013000  00004aee  0000e512  RW X
  SRAM_DATA             20017000   00019000  0000101c  00017fe4  RW X


SEGMENT ALLOCATION MAP

run origin  load origin   length   init length attrs members
----------  ----------- ---------- ----------- ----- -------
20004000    20004000    00004af0   00004af0    r-x
  20004000    20004000    00000400   00000400    r-- .intvecs
  20004400    20004400    000041f2   000041f2    r-x .text
  200085f4    200085f4    000004c4   000004c4    r-- .const
  20008ab8    20008ab8    00000038   00000038    r-- .cinit
20017000    20017000    0000081c   00000000    rw-
  20017000    20017000    00000800   00000000    rw- .sysmem
  20017800    20017800    00000018   00000000    rw- .data
  20017818    20017818    00000004   00000000    rw- .bss
2002f800    2002f800    00000800   00000000    rw-
  2002f800    2002f800    00000800   00000000    rw- .stack


SECTION ALLOCATION MAP

 output                                  attributes/
section   page    origin      length       input sections
--------  ----  ----------  ----------   ----------------
.intvecs   0    20004000    00000400     
                  20004000    00000400     startup_ccs.obj (.intvecs)

.init_array 
*          0    20004000    00000000     UNINITIALIZED

.text      0    20004400    000041f2     
                  20004400    00000b08     main.obj (.text)
                  20004f08    00000a4e     rtsv7M4_T_le_eabi.lib : _printfi.c.obj (.text:__TI_printfi)
                  20005956    00000002                           : _lock.c.obj (.text:_nop)
                  20005958    000004a6     Adafruit_OLED.obj (.text)
                  20005dfe    00000002     rtsv7M4_T_le_eabi.lib : div0.asm.obj (.text)
                  20005e00    000002a0     i2c_if.obj (.text)
                  200060a0    0000027c     uart_if.obj (.text)
                  2000631c    00000268     rtsv7M4_T_le_eabi.lib : _printfi.c.obj (.text:_pconv_a)
                  20006584    000001cc                           : _printfi.c.obj (.text:_pconv_g)
                  20006750    000001b6                           : fd_add_t2.asm.obj (.text)
                  20006906    00000002     --HOLE-- [fill = 0]
                  20006908    00000178     driverlib.a : prcm.obj (.text:PRCMCC3200MCUInit)
                  20006a80    0000013c     rtsv7M4_T_le_eabi.lib : _printfi.c.obj (.text:_pconv_e)
                  20006bbc    00000136                           : fd_div_t2.asm.obj (.text)
                  20006cf2    00000002     --HOLE-- [fill = 0]
                  20006cf4    00000120                           : _printfi.c.obj (.text:fcvt)
                  20006e14    00000110                           : strtoul.c.obj (.text:strtoul)
                  20006f24    00000100                           : memory.c.obj (.text:aligned_alloc)
                  20007024    000000fc                           : fd_mul_t2.asm.obj (.text)
                  20007120    000000e4                           : memory.c.obj (.text:free)
                  20007204    000000e4                           : memory.c.obj (.text:realloc)
                  200072e8    000000d0                           : s_scalbn.c.obj (.text:scalbn)
                  200073b8    000000b1                           : _printfi.c.obj (.text:_ltostr)
                  20007469    00000003     --HOLE-- [fill = 0]
                  2000746c    000000a8     driverlib.a : interrupt.obj (.text:IntEnable)
                  20007514    000000a0                 : spi.obj (.text:SPIConfigSetExpClk)
                  200075b4    0000009c     rtsv7M4_T_le_eabi.lib : memcpy_t2.asm.obj (.text)
                  20007650    00000096                           : ull_div_t2.asm.obj (.text)
                  200076e6    00000002     --HOLE-- [fill = 0]
                  200076e8    00000094     driverlib.a : prcm.obj (.text:PRCMPeripheralClockGet)
                  2000777c    00000088                 : pin.obj (.text:PinConfigSet)
                  20007804    00000086     rtsv7M4_T_le_eabi.lib : fd_cmp_t2.asm.obj (.text:__aeabi_cdcmple)
                  2000788a    00000086                           : fd_cmp_t2.asm.obj (.text:__aeabi_cdrcmple)
                  20007910    00000084     driverlib.a : i2c.obj (.text:I2CMasterInitExpClk)
                  20007994    0000007c     pinmux.obj (.text)
                  20007a10    0000007a     rtsv7M4_T_le_eabi.lib : memset_t2.asm.obj (.text)
                  20007a8a    00000076     driverlib.a : uart.obj (.text:UARTConfigSetExpClk)
                  20007b00    00000070     rtsv7M4_T_le_eabi.lib : memory.c.obj (.text:split)
                  20007b70    0000006e                           : _printfi.c.obj (.text:_mcpy)
                  20007bde    00000068                           : copy_decompress_lzss.c.obj (.text:decompress:lzss:__TI_decompress_lzss)
                  20007c46    00000002     --HOLE-- [fill = 0]
                  20007c48    0000005c                           : s_frexp.c.obj (.text:frexp)
                  20007ca4    00000058     driverlib.a : prcm.obj (.text:PRCMPeripheralReset)
                  20007cfc    00000056     rtsv7M4_T_le_eabi.lib : _printfi.c.obj (.text:_pconv_f)
                  20007d52    00000054                           : _ltoa.c.obj (.text:__TI_ltoa)
                  20007da6    00000052                           : _printfi.c.obj (.text:_ecpy)
                  20007df8    0000004c                           : atoi.c.obj (.text:atoi)
                  20007e44    00000048                           : fd_toi_t2.asm.obj (.text)
                  20007e8c    00000044                           : autoinit.c.obj (.text:__TI_auto_init_nobinit_nopinit:__TI_auto_init_nobinit_nopinit)
                  20007ed0    00000040     driverlib.a : pin.obj (.text:PinModeSet)
                  20007f10    00000040     rtsv7M4_T_le_eabi.lib : strtok.c.obj (.text:strtok)
                  20007f50    00000040                           : vsnprintf.c.obj (.text:vsnprintf)
                  20007f90    0000003e                           : _printfi.c.obj (.text:_fcpy)
                  20007fce    00000002     --HOLE-- [fill = 0]
                  20007fd0    0000003c     driverlib.a : prcm.obj (.text:PRCMPeripheralClkEnable)
                  2000800c    00000036                 : gpio.obj (.text:GPIODirModeSet)
                  20008042    00000030                 : pin.obj (.text:PinTypeGPIO)
                  20008072    00000002     --HOLE-- [fill = 0]
                  20008074    00000030                 : uart.obj (.text:UARTDisable)
                  200080a4    00000030     rtsv7M4_T_le_eabi.lib : vsnprintf.c.obj (.text:_outs)
                  200080d4    0000002e                           : i_tofd_t2.asm.obj (.text)
                  20008102    0000002c     driverlib.a : i2c.obj (.text:I2CMasterErr)
                  2000812e    00000002     --HOLE-- [fill = 0]
                  20008130    0000002c                 : prcm.obj (.text:PRCMSysResetCauseGet)
                  2000815c    0000002a     rtsv7M4_T_le_eabi.lib : strspn.c.obj (.text:strspn)
                  20008186    00000002     --HOLE-- [fill = 0]
                  20008188    00000028     driverlib.a : prcm.obj (.text:PRCMPeripheralClkDisable)
                  200081b0    00000028     rtsv7M4_T_le_eabi.lib : memory.c.obj (.text:free_list_insert)
                  200081d8    00000028                           : memmov.c.obj (.text:memmove)
                  20008200    00000024     driverlib.a : uart.obj (.text:UARTEnable)
                  20008224    00000024     rtsv7M4_T_le_eabi.lib : boot_cortex_m.c.obj (.text:_c_int00_noargs:_c_int00_noargs)
                  20008248    00000024                           : strcspn.c.obj (.text:strcspn)
                  2000826c    00000022     driverlib.a : i2c.obj (.text:I2CMasterSlaveAddrSet)
                  2000828e    00000022                 : spi.obj (.text:SPIReset)
                  200082b0    00000020                 : gpio.obj (.text:GPIOPinWrite)
                  200082d0    00000020                 : spi.obj (.text:SPIDataGet)
                  200082f0    0000001e                 : i2c.obj (.text:I2CMasterIntStatusEx)
                  2000830e    0000001e                 : spi.obj (.text:SPIDataPut)
                  2000832c    0000001e                 : uart.obj (.text:UARTCharPut)
                  2000834a    0000001c                 : pin.obj (.text:PinTypeI2C)
                  20008366    0000001c                 : uart.obj (.text:UARTCharGetNonBlocking)
                  20008382    0000001c     rtsv7M4_T_le_eabi.lib : copy_zero_init.c.obj (.text:decompress:ZI:__TI_zero_init_nomemset:__TI_zero_init_nomemset)
                  2000839e    00000002     --HOLE-- [fill = 0]
                  200083a0    0000001c                           : memory.c.obj (.text:free_list_remove)
                  200083bc    0000001c                           : memccpy.c.obj (.text:memccpy)
                  200083d8    0000001a     driverlib.a : pin.obj (.text:PinTypeUART)
                  200083f2    00000018                 : i2c.obj (.text:I2CMasterIntEnableEx)
                  2000840a    00000018                 : spi.obj (.text:SPICSDisable)
                  20008422    00000018                 : spi.obj (.text:SPICSEnable)
                  2000843a    00000018                 : spi.obj (.text:SPIEnable)
                  20008452    00000018                 : uart.obj (.text:UARTCharsAvail)
                  2000846a    00000018     rtsv7M4_T_le_eabi.lib : vsnprintf.c.obj (.text:_outc)
                  20008482    00000018                           : strcmp.c.obj (.text:strcmp)
                  2000849a    00000016     driverlib.a : i2c.obj (.text:I2CMasterDataPut)
                  200084b0    00000016                 : i2c.obj (.text:I2CMasterEnable)
                  200084c6    00000016                 : i2c.obj (.text:I2CMasterIntClear)
                  200084dc    00000016                 : prcm.obj (.text:PRCMHIBRegRead)
                  200084f2    00000016                 : prcm.obj (.text:PRCMHIBRegWrite)
                  20008508    00000016     rtsv7M4_T_le_eabi.lib : strchr.c.obj (.text:strchr)
                  2000851e    00000014     driverlib.a : cpu.obj (.text:CPUcpsie)
                  20008532    00000002     --HOLE-- [fill = 0]
                  20008534    00000014                 : interrupt.obj (.text:IntVTableBaseSet)
                  20008548    00000014     rtsv7M4_T_le_eabi.lib : strlen.c.obj (.text:strlen)
                  2000855c    00000012     driverlib.a : i2c.obj (.text:I2CMasterControl)
                  2000856e    00000012                 : i2c.obj (.text:I2CMasterTimeoutSet)
                  20008580    00000012     rtsv7M4_T_le_eabi.lib : wcslen.c.obj (.text:wcslen)
                  20008592    0000000e     driverlib.a : i2c.obj (.text:I2CMasterDataGet)
                  200085a0    0000000e     rtsv7M4_T_le_eabi.lib : copy_decompress_none.c.obj (.text:decompress:none:__TI_decompress_none)
                  200085ae    0000000e     startup_ccs.obj (.text)
                  200085bc    0000000c     rtsv7M4_T_le_eabi.lib : s_copysign.c.obj (.text:copysign)
                  200085c8    0000000a     driverlib.a : interrupt.obj (.text:IntMasterEnable)
                  200085d2    00000002     --HOLE-- [fill = 0]
                  200085d4    00000008     rtsv7M4_T_le_eabi.lib : errno.c.obj (.text:__aeabi_errno_addr)
                  200085dc    00000008                           : memory.c.obj (.text:malloc)
                  200085e4    00000006     driverlib.a : utils.obj (.text:UtilsDelay)
                  200085ea    00000004     rtsv7M4_T_le_eabi.lib : pre_init.c.obj (.text:_system_pre_init)
                  200085ee    00000004                           : exit.c.obj (.text:abort:abort)

.const     0    200085f4    000004c4     
                  200085f4    00000101     rtsv7M4_T_le_eabi.lib : ctype.c.obj (.const:.string:_ctypes_)
                  200086f5    00000100     main.obj (.const:.string:$P$T0$1)
                  200087f5    00000100     main.obj (.const:.string:$P$T1$2)
                  200088f5    00000003     --HOLE-- [fill = 0]
                  200088f8    00000100     driverlib.a : pin.obj (.const:g_ulPinToPadMap)
                  200089f8    000000a8                 : prcm.obj (.const:PRCM_PeriphRegsList)
                  20008aa0    00000018                 : interrupt.obj (.const:g_pulEnRegs)

.cinit     0    20008ab8    00000038     
                  20008ab8    0000000d     (.cinit..data.load) [load image, compression = lzss]
                  20008ac5    00000003     --HOLE-- [fill = 0]
                  20008ac8    0000000c     (__TI_handler_table)
                  20008ad4    00000004     --HOLE-- [fill = 0]
                  20008ad8    00000008     (.cinit..bss.load) [load image, compression = zero_init]
                  20008ae0    00000010     (__TI_cinit_table)

.sysmem    0    20017000    00000800     UNINITIALIZED
                  20017000    00000010     rtsv7M4_T_le_eabi.lib : memory.c.obj (.sysmem)
                  20017010    000007f0     --HOLE--

.data      0    20017800    00000018     UNINITIALIZED
                  20017800    00000008     rtsv7M4_T_le_eabi.lib : _lock.c.obj (.data:$O1$$)
                  20017808    00000008                           : memory.c.obj (.data:$O1$$)
                  20017810    00000004                           : errno.c.obj (.data)
                  20017814    00000004                           : strtok.c.obj (.data)

.bss       0    20017818    00000004     UNINITIALIZED
                  20017818    00000004     uart_if.obj (.bss)

.stack     0    2002f800    00000800     UNINITIALIZED
                  2002f800    00000004     rtsv7M4_T_le_eabi.lib : boot_cortex_m.c.obj (.stack)
                  2002f804    000007fc     --HOLE--

__llvm_prf_cnts 
*          0    20017000    00000000     UNINITIALIZED

MODULE SUMMARY

       Module                       code    ro data   rw data
       ------                       ----    -------   -------
    .\
       main.obj                     2824    512       0      
       Adafruit_OLED.obj            1190    0         0      
       startup_ccs.obj              14      1024      0      
       i2c_if.obj                   672     0         0      
       uart_if.obj                  636     0         4      
       pinmux.obj                   124     0         0      
    +--+----------------------------+-------+---------+---------+
       Total:                       5460    1536      4      
                                                             
    C:/ti/CC3200SDK_1.5.0/cc3200-sdk/driverlib/ccs/Release/driverlib.a
       prcm.obj                     800     168       0      
       pin.obj                      302     256       0      
       i2c.obj                      380     0         0      
       spi.obj                      328     0         0      
       uart.obj                     284     0         0      
       interrupt.obj                198     24        0      
       gpio.obj                     86      0         0      
       cpu.obj                      20      0         0      
       utils.obj                    6       0         0      
    +--+----------------------------+-------+---------+---------+
       Total:                       2404    448       0      
                                                             
    C:\ti\ccs1250\ccs\tools\compiler\ti-cgt-arm_20.2.7.LTS\lib\rtsv7M4_T_le_eabi.lib
       _printfi.c.obj               4835    0         0      
       memory.c.obj                 900     0         8      
       fd_add_t2.asm.obj            438     0         0      
       fd_div_t2.asm.obj            310     0         0      
       strtoul.c.obj                272     0         0      
       fd_cmp_t2.asm.obj            268     0         0      
       ctype.c.obj                  0       257       0      
       fd_mul_t2.asm.obj            252     0         0      
       s_scalbn.c.obj               208     0         0      
       memcpy_t2.asm.obj            156     0         0      
       ull_div_t2.asm.obj           150     0         0      
       vsnprintf.c.obj              136     0         0      
       memset_t2.asm.obj            122     0         0      
       copy_decompress_lzss.c.obj   104     0         0      
       s_frexp.c.obj                92      0         0      
       _ltoa.c.obj                  84      0         0      
       atoi.c.obj                   76      0         0      
       fd_toi_t2.asm.obj            72      0         0      
       autoinit.c.obj               68      0         0      
       strtok.c.obj                 64      0         4      
       i_tofd_t2.asm.obj            46      0         0      
       strspn.c.obj                 42      0         0      
       memmov.c.obj                 40      0         0      
       boot_cortex_m.c.obj          36      0         0      
       strcspn.c.obj                36      0         0      
       copy_zero_init.c.obj         28      0         0      
       memccpy.c.obj                28      0         0      
       strcmp.c.obj                 24      0         0      
       strchr.c.obj                 22      0         0      
       strlen.c.obj                 20      0         0      
       wcslen.c.obj                 18      0         0      
       copy_decompress_none.c.obj   14      0         0      
       errno.c.obj                  8       0         4      
       s_copysign.c.obj             12      0         0      
       _lock.c.obj                  2       0         8      
       exit.c.obj                   4       0         0      
       pre_init.c.obj               4       0         0      
       div0.asm.obj                 2       0         0      
    +--+----------------------------+-------+---------+---------+
       Total:                       8993    257       24     
                                                             
       Heap:                        0       0         2048   
       Stack:                       0       0         2048   
       Linker Generated:            0       49        0      
    +--+----------------------------+-------+---------+---------+
       Grand Total:                 16857   2290      4124   


LINKER GENERATED COPY TABLES

__TI_cinit_table @ 20008ae0 records: 2, size/record: 8, table size: 16
	.data: load addr=20008ab8, load size=0000000d bytes, run addr=20017800, run size=00000018 bytes, compression=lzss
	.bss: load addr=20008ad8, load size=00000008 bytes, run addr=20017818, run size=00000004 bytes, compression=zero_init


LINKER GENERATED HANDLER TABLE

__TI_handler_table @ 20008ac8 records: 3, size/record: 4, table size: 12
	index: 0, handler: __TI_decompress_lzss
	index: 1, handler: __TI_decompress_none
	index: 2, handler: __TI_zero_init


GLOBAL SYMBOLS: SORTED ALPHABETICALLY BY Name 

address   name                          
-------   ----                          
200059e1  Adafruit_Init                 
200085ef  C$$EXIT                       
2000851f  CPUcpsie                      
200060e1  ClearTerm                     
20005b57  Color565                      
2000485d  DisplayBuffer                 
20004401  DisplayPrompt                 
2000440b  DisplayUsage                  
200060eb  Error                         
2000800d  GPIODirModeSet                
200082b1  GPIOPinWrite                  
20006123  GetCmd                        
2000855d  I2CMasterControl              
20008593  I2CMasterDataGet              
2000849b  I2CMasterDataPut              
200084b1  I2CMasterEnable               
20008103  I2CMasterErr                  
20007911  I2CMasterInitExpClk           
200084c7  I2CMasterIntClear             
200083f3  I2CMasterIntEnableEx          
200082f1  I2CMasterIntStatusEx          
2000826d  I2CMasterSlaveAddrSet         
2000856f  I2CMasterTimeoutSet           
2000608b  I2C_IF_Close                  
2000602f  I2C_IF_Open                   
20005f2d  I2C_IF_Read                   
20005fe9  I2C_IF_ReadFrom               
20005e7d  I2C_IF_Write                  
200060a1  InitTerm                      
2000746d  IntEnable                     
200085c9  IntMasterEnable               
20008535  IntVTableBaseSet              
20004d59  MasterMain                    
200060bf  Message                       
20006909  PRCMCC3200MCUInit             
200084dd  PRCMHIBRegRead                
200084f3  PRCMHIBRegWrite               
20008189  PRCMPeripheralClkDisable      
20007fd1  PRCMPeripheralClkEnable       
200076e9  PRCMPeripheralClockGet        
20007ca5  PRCMPeripheralReset           
20008131  PRCMSysResetCauseGet          
20004cc7  ParseNProcessCmd              
2000777d  PinConfigSet                  
20007ed1  PinModeSet                    
20007995  PinMuxConfig                  
20008043  PinTypeGPIO                   
2000834b  PinTypeI2C                    
200083d9  PinTypeUART                   
200048e3  ProcessReadCommand            
20004969  ProcessReadRegCommand         
20004bbf  ProcessWriteCommand           
20004a29  ProcessWriteRegCommand        
20006261  Report                        
200085af  ResetISR                      
2000840b  SPICSDisable                  
20008423  SPICSEnable                   
20007515  SPIConfigSetExpClk            
200082d1  SPIDataGet                    
2000830f  SPIDataPut                    
2000843b  SPIEnable                     
2000828f  SPIReset                      
200061c9  TrimSpace                     
20008367  UARTCharGetNonBlocking        
2000832d  UARTCharPut                   
20008453  UARTCharsAvail                
20007a8b  UARTConfigSetExpClk           
20008075  UARTDisable                   
20008201  UARTEnable                    
200085e5  UtilsDelay                    
20030000  __STACK_END                   
00000800  __STACK_SIZE                  
00000800  __SYSMEM_SIZE                 
20008ae0  __TI_CINIT_Base               
20008af0  __TI_CINIT_Limit              
20008ac8  __TI_Handler_Table_Base       
20008ad4  __TI_Handler_Table_Limit      
20007e8d  __TI_auto_init_nobinit_nopinit
20007bdf  __TI_decompress_lzss          
200085a1  __TI_decompress_none          
20007d53  __TI_ltoa                     
ffffffff  __TI_pprof_out_hndl           
20004f09  __TI_printfi                  
ffffffff  __TI_prof_data_size           
ffffffff  __TI_prof_data_start          
20008ab8  __TI_static_base__            
20008383  __TI_zero_init_nomemset       
20007805  __aeabi_cdcmpeq               
20007805  __aeabi_cdcmple               
2000788b  __aeabi_cdrcmple              
20007e45  __aeabi_d2iz                  
2000675b  __aeabi_dadd                  
20006bbd  __aeabi_ddiv                  
20007025  __aeabi_dmul                  
20006751  __aeabi_dsub                  
200085d5  __aeabi_errno_addr            
200080d5  __aeabi_i2d                   
20005dff  __aeabi_idiv0                 
20005dff  __aeabi_ldiv0                 
20007a11  __aeabi_memclr                
20007a11  __aeabi_memclr4               
20007a11  __aeabi_memclr8               
200075b5  __aeabi_memcpy                
200075b5  __aeabi_memcpy4               
200075b5  __aeabi_memcpy8               
20007a13  __aeabi_memset                
20007a13  __aeabi_memset4               
20007a13  __aeabi_memset8               
20007651  __aeabi_uldivmod              
ffffffff  __binit__                     
ffffffff  __c_args__                    
UNDEFED   __mpu_init                    
2002f800  __stack                       
20017000  __start___llvm_prf_cnts       
20017000  __stop___llvm_prf_cnts        
20008225  _c_int00_noargs               
200085f4  _ctypes_                      
20017800  _lock                         
20005957  _nop                          
20017000  _sys_memory                   
UNDEFED   _system_post_cinit            
200085eb  _system_pre_init              
20017804  _unlock                       
200085ef  abort                         
20006f25  aligned_alloc                 
20007df9  atoi                          
ffffffff  binit                         
200085bd  copysign                      
200085bd  copysignl                     
20005d09  drawFastHLine                 
20005c6d  drawFastVLine                 
20005da5  drawPixel                     
20017810  errno                         
20005baf  fillRect                      
20005b99  fillScreen                    
20007121  free                          
20007c49  frexp                         
20007c49  frexpl                        
20004000  g_pfnVectors                  
20005b13  goTo                          
20005de3  invert                        
200072e9  ldexp                         
200072e9  ldexpl                        
20004db1  main                          
200085dd  malloc                        
20006f25  memalign                      
200083bd  memccpy                       
200075b5  memcpy                        
200081d9  memmove                       
20007a19  memset                        
20007205  realloc                       
200072e9  scalbn                        
200072e9  scalbnl                       
20008509  strchr                        
20008483  strcmp                        
20008249  strcspn                       
20008549  strlen                        
2000815d  strspn                        
20007f11  strtok                        
20006e15  strtoul                       
20007f51  vsnprintf                     
20008581  wcslen                        
20005959  writeCommand                  
2000599d  writeData                     


GLOBAL SYMBOLS: SORTED BY Symbol Address 

address   name                          
-------   ----                          
00000800  __STACK_SIZE                  
00000800  __SYSMEM_SIZE                 
20004000  g_pfnVectors                  
20004401  DisplayPrompt                 
2000440b  DisplayUsage                  
2000485d  DisplayBuffer                 
200048e3  ProcessReadCommand            
20004969  ProcessReadRegCommand         
20004a29  ProcessWriteRegCommand        
20004bbf  ProcessWriteCommand           
20004cc7  ParseNProcessCmd              
20004d59  MasterMain                    
20004db1  main                          
20004f09  __TI_printfi                  
20005957  _nop                          
20005959  writeCommand                  
2000599d  writeData                     
200059e1  Adafruit_Init                 
20005b13  goTo                          
20005b57  Color565                      
20005b99  fillScreen                    
20005baf  fillRect                      
20005c6d  drawFastVLine                 
20005d09  drawFastHLine                 
20005da5  drawPixel                     
20005de3  invert                        
20005dff  __aeabi_idiv0                 
20005dff  __aeabi_ldiv0                 
20005e7d  I2C_IF_Write                  
20005f2d  I2C_IF_Read                   
20005fe9  I2C_IF_ReadFrom               
2000602f  I2C_IF_Open                   
2000608b  I2C_IF_Close                  
200060a1  InitTerm                      
200060bf  Message                       
200060e1  ClearTerm                     
200060eb  Error                         
20006123  GetCmd                        
200061c9  TrimSpace                     
20006261  Report                        
20006751  __aeabi_dsub                  
2000675b  __aeabi_dadd                  
20006909  PRCMCC3200MCUInit             
20006bbd  __aeabi_ddiv                  
20006e15  strtoul                       
20006f25  aligned_alloc                 
20006f25  memalign                      
20007025  __aeabi_dmul                  
20007121  free                          
20007205  realloc                       
200072e9  ldexp                         
200072e9  ldexpl                        
200072e9  scalbn                        
200072e9  scalbnl                       
2000746d  IntEnable                     
20007515  SPIConfigSetExpClk            
200075b5  __aeabi_memcpy                
200075b5  __aeabi_memcpy4               
200075b5  __aeabi_memcpy8               
200075b5  memcpy                        
20007651  __aeabi_uldivmod              
200076e9  PRCMPeripheralClockGet        
2000777d  PinConfigSet                  
20007805  __aeabi_cdcmpeq               
20007805  __aeabi_cdcmple               
2000788b  __aeabi_cdrcmple              
20007911  I2CMasterInitExpClk           
20007995  PinMuxConfig                  
20007a11  __aeabi_memclr                
20007a11  __aeabi_memclr4               
20007a11  __aeabi_memclr8               
20007a13  __aeabi_memset                
20007a13  __aeabi_memset4               
20007a13  __aeabi_memset8               
20007a19  memset                        
20007a8b  UARTConfigSetExpClk           
20007bdf  __TI_decompress_lzss          
20007c49  frexp                         
20007c49  frexpl                        
20007ca5  PRCMPeripheralReset           
20007d53  __TI_ltoa                     
20007df9  atoi                          
20007e45  __aeabi_d2iz                  
20007e8d  __TI_auto_init_nobinit_nopinit
20007ed1  PinModeSet                    
20007f11  strtok                        
20007f51  vsnprintf                     
20007fd1  PRCMPeripheralClkEnable       
2000800d  GPIODirModeSet                
20008043  PinTypeGPIO                   
20008075  UARTDisable                   
200080d5  __aeabi_i2d                   
20008103  I2CMasterErr                  
20008131  PRCMSysResetCauseGet          
2000815d  strspn                        
20008189  PRCMPeripheralClkDisable      
200081d9  memmove                       
20008201  UARTEnable                    
20008225  _c_int00_noargs               
20008249  strcspn                       
2000826d  I2CMasterSlaveAddrSet         
2000828f  SPIReset                      
200082b1  GPIOPinWrite                  
200082d1  SPIDataGet                    
200082f1  I2CMasterIntStatusEx          
2000830f  SPIDataPut                    
2000832d  UARTCharPut                   
2000834b  PinTypeI2C                    
20008367  UARTCharGetNonBlocking        
20008383  __TI_zero_init_nomemset       
200083bd  memccpy                       
200083d9  PinTypeUART                   
200083f3  I2CMasterIntEnableEx          
2000840b  SPICSDisable                  
20008423  SPICSEnable                   
2000843b  SPIEnable                     
20008453  UARTCharsAvail                
20008483  strcmp                        
2000849b  I2CMasterDataPut              
200084b1  I2CMasterEnable               
200084c7  I2CMasterIntClear             
200084dd  PRCMHIBRegRead                
200084f3  PRCMHIBRegWrite               
20008509  strchr                        
2000851f  CPUcpsie                      
20008535  IntVTableBaseSet              
20008549  strlen                        
2000855d  I2CMasterControl              
2000856f  I2CMasterTimeoutSet           
20008581  wcslen                        
20008593  I2CMasterDataGet              
200085a1  __TI_decompress_none          
200085af  ResetISR                      
200085bd  copysign                      
200085bd  copysignl                     
200085c9  IntMasterEnable               
200085d5  __aeabi_errno_addr            
200085dd  malloc                        
200085e5  UtilsDelay                    
200085eb  _system_pre_init              
200085ef  C$$EXIT                       
200085ef  abort                         
200085f4  _ctypes_                      
20008ab8  __TI_static_base__            
20008ac8  __TI_Handler_Table_Base       
20008ad4  __TI_Handler_Table_Limit      
20008ae0  __TI_CINIT_Base               
20008af0  __TI_CINIT_Limit              
20017000  __start___llvm_prf_cnts       
20017000  __stop___llvm_prf_cnts        
20017000  _sys_memory                   
20017800  _lock                         
20017804  _unlock                       
20017810  errno                         
2002f800  __stack                       
20030000  __STACK_END                   
ffffffff  __TI_pprof_out_hndl           
ffffffff  __TI_prof_data_size           
ffffffff  __TI_prof_data_start          
ffffffff  __binit__                     
ffffffff  __c_args__                    
ffffffff  binit                         
UNDEFED   __mpu_init                    
UNDEFED   _system_post_cinit            

[164 symbols]
