******************************************************************************
                  TI ARM Linker PC v20.2.7                     
******************************************************************************
>> Linked Thu Feb  1 10:05:56 2024

OUTPUT FILE NAME:   <i2c_demo.out>
ENTRY POINT SYMBOL: "_c_int00_noargs"  address: 20008ccd


MEMORY CONFIGURATION

         name            origin    length      used     unused   attr    fill
----------------------  --------  ---------  --------  --------  ----  --------
  SRAM_CODE             20004000   00013000  00005a9e  0000d562  RW X
  SRAM_DATA             20017000   00019000  00001034  00017fcc  RW X


SEGMENT ALLOCATION MAP

run origin  load origin   length   init length attrs members
----------  ----------- ---------- ----------- ----- -------
20004000    20004000    00005aa0   00005aa0    r-x
  20004000    20004000    00000400   00000400    r-- .intvecs
  20004400    20004400    00004c9a   00004c9a    r-x .text
  2000909c    2000909c    000009bc   000009bc    r-- .const
  20009a58    20009a58    00000048   00000048    r-- .cinit
20017000    20017000    00000834   00000000    rw-
  20017000    20017000    00000800   00000000    rw- .sysmem
  20017800    20017800    00000030   00000000    rw- .data
  20017830    20017830    00000004   00000000    rw- .bss
2002f800    2002f800    00000800   00000000    rw-
  2002f800    2002f800    00000800   00000000    rw- .stack


SECTION ALLOCATION MAP

 output                                  attributes/
section   page    origin      length       input sections
--------  ----  ----------  ----------   ----------------
.intvecs   0    20004000    00000400     
                  20004000    00000400     startup_ccs.obj (.intvecs)

.init_array 
*          0    20004000    00000000     UNINITIALIZED

.text      0    20004400    00004c9a     
                  20004400    00000b18     main.obj (.text)
                  20004f18    00000a80     Adafruit_GFX.obj (.text)
                  20005998    00000a4e     rtsv7M4_T_le_eabi.lib : _printfi.c.obj (.text:__TI_printfi)
                  200063e6    00000002                           : _lock.c.obj (.text:_nop)
                  200063e8    000004a6     Adafruit_OLED.obj (.text)
                  2000688e    00000002     rtsv7M4_T_le_eabi.lib : div0.asm.obj (.text)
                  20006890    000002a0     i2c_if.obj (.text)
                  20006b30    0000027c     uart_if.obj (.text)
                  20006dac    00000268     rtsv7M4_T_le_eabi.lib : _printfi.c.obj (.text:_pconv_a)
                  20007014    000001cc                           : _printfi.c.obj (.text:_pconv_g)
                  200071e0    000001b6                           : fd_add_t2.asm.obj (.text)
                  20007396    00000002     --HOLE-- [fill = 0]
                  20007398    00000178     driverlib.a : prcm.obj (.text:PRCMCC3200MCUInit)
                  20007510    0000013c     rtsv7M4_T_le_eabi.lib : _printfi.c.obj (.text:_pconv_e)
                  2000764c    00000136                           : fd_div_t2.asm.obj (.text)
                  20007782    00000002     --HOLE-- [fill = 0]
                  20007784    00000120                           : _printfi.c.obj (.text:fcvt)
                  200078a4    00000110                           : strtoul.c.obj (.text:strtoul)
                  200079b4    00000100                           : memory.c.obj (.text:aligned_alloc)
                  20007ab4    000000fc                           : fd_mul_t2.asm.obj (.text)
                  20007bb0    000000e4                           : memory.c.obj (.text:free)
                  20007c94    000000e4                           : memory.c.obj (.text:realloc)
                  20007d78    000000d0                           : s_scalbn.c.obj (.text:scalbn)
                  20007e48    000000b1                           : _printfi.c.obj (.text:_ltostr)
                  20007ef9    00000003     --HOLE-- [fill = 0]
                  20007efc    000000a8     driverlib.a : interrupt.obj (.text:IntEnable)
                  20007fa4    000000a0                 : spi.obj (.text:SPIConfigSetExpClk)
                  20008044    0000009c     rtsv7M4_T_le_eabi.lib : memcpy_t2.asm.obj (.text)
                  200080e0    00000096                           : ull_div_t2.asm.obj (.text)
                  20008176    00000002     --HOLE-- [fill = 0]
                  20008178    00000094     driverlib.a : prcm.obj (.text:PRCMPeripheralClockGet)
                  2000820c    00000094     pinmux.obj (.text)
                  200082a0    00000088     driverlib.a : pin.obj (.text:PinConfigSet)
                  20008328    00000086     rtsv7M4_T_le_eabi.lib : fd_cmp_t2.asm.obj (.text:__aeabi_cdcmple)
                  200083ae    00000086                           : fd_cmp_t2.asm.obj (.text:__aeabi_cdrcmple)
                  20008434    00000084     driverlib.a : i2c.obj (.text:I2CMasterInitExpClk)
                  200084b8    0000007a     rtsv7M4_T_le_eabi.lib : memset_t2.asm.obj (.text)
                  20008532    00000076     driverlib.a : uart.obj (.text:UARTConfigSetExpClk)
                  200085a8    00000070     rtsv7M4_T_le_eabi.lib : memory.c.obj (.text:split)
                  20008618    0000006e                           : _printfi.c.obj (.text:_mcpy)
                  20008686    00000068                           : copy_decompress_lzss.c.obj (.text:decompress:lzss:__TI_decompress_lzss)
                  200086ee    00000002     --HOLE-- [fill = 0]
                  200086f0    0000005c                           : s_frexp.c.obj (.text:frexp)
                  2000874c    00000058     driverlib.a : prcm.obj (.text:PRCMPeripheralReset)
                  200087a4    00000056     rtsv7M4_T_le_eabi.lib : _printfi.c.obj (.text:_pconv_f)
                  200087fa    00000054                           : _ltoa.c.obj (.text:__TI_ltoa)
                  2000884e    00000052                           : _printfi.c.obj (.text:_ecpy)
                  200088a0    0000004c                           : atoi.c.obj (.text:atoi)
                  200088ec    00000048                           : fd_toi_t2.asm.obj (.text)
                  20008934    00000044                           : autoinit.c.obj (.text:__TI_auto_init_nobinit_nopinit:__TI_auto_init_nobinit_nopinit)
                  20008978    00000040     driverlib.a : pin.obj (.text:PinModeSet)
                  200089b8    00000040     rtsv7M4_T_le_eabi.lib : strtok.c.obj (.text:strtok)
                  200089f8    00000040                           : vsnprintf.c.obj (.text:vsnprintf)
                  20008a38    0000003e                           : _printfi.c.obj (.text:_fcpy)
                  20008a76    00000002     --HOLE-- [fill = 0]
                  20008a78    0000003c     driverlib.a : prcm.obj (.text:PRCMPeripheralClkEnable)
                  20008ab4    00000036                 : gpio.obj (.text:GPIODirModeSet)
                  20008aea    00000030                 : pin.obj (.text:PinTypeGPIO)
                  20008b1a    00000002     --HOLE-- [fill = 0]
                  20008b1c    00000030                 : uart.obj (.text:UARTDisable)
                  20008b4c    00000030     rtsv7M4_T_le_eabi.lib : vsnprintf.c.obj (.text:_outs)
                  20008b7c    0000002e                           : i_tofd_t2.asm.obj (.text)
                  20008baa    0000002c     driverlib.a : i2c.obj (.text:I2CMasterErr)
                  20008bd6    00000002     --HOLE-- [fill = 0]
                  20008bd8    0000002c                 : prcm.obj (.text:PRCMSysResetCauseGet)
                  20008c04    0000002a     rtsv7M4_T_le_eabi.lib : strspn.c.obj (.text:strspn)
                  20008c2e    00000002     --HOLE-- [fill = 0]
                  20008c30    00000028     driverlib.a : prcm.obj (.text:PRCMPeripheralClkDisable)
                  20008c58    00000028     rtsv7M4_T_le_eabi.lib : memory.c.obj (.text:free_list_insert)
                  20008c80    00000028                           : memmov.c.obj (.text:memmove)
                  20008ca8    00000024     driverlib.a : uart.obj (.text:UARTEnable)
                  20008ccc    00000024     rtsv7M4_T_le_eabi.lib : boot_cortex_m.c.obj (.text:_c_int00_noargs:_c_int00_noargs)
                  20008cf0    00000024                           : strcspn.c.obj (.text:strcspn)
                  20008d14    00000022     driverlib.a : i2c.obj (.text:I2CMasterSlaveAddrSet)
                  20008d36    00000022                 : spi.obj (.text:SPIReset)
                  20008d58    00000020                 : gpio.obj (.text:GPIOPinWrite)
                  20008d78    00000020                 : spi.obj (.text:SPIDataGet)
                  20008d98    0000001e                 : i2c.obj (.text:I2CMasterIntStatusEx)
                  20008db6    0000001e                 : spi.obj (.text:SPIDataPut)
                  20008dd4    0000001e                 : uart.obj (.text:UARTCharPut)
                  20008df2    0000001c                 : pin.obj (.text:PinTypeI2C)
                  20008e0e    0000001c                 : uart.obj (.text:UARTCharGetNonBlocking)
                  20008e2a    0000001c     rtsv7M4_T_le_eabi.lib : copy_zero_init.c.obj (.text:decompress:ZI:__TI_zero_init_nomemset:__TI_zero_init_nomemset)
                  20008e46    00000002     --HOLE-- [fill = 0]
                  20008e48    0000001c                           : memory.c.obj (.text:free_list_remove)
                  20008e64    0000001c                           : memccpy.c.obj (.text:memccpy)
                  20008e80    0000001a     driverlib.a : pin.obj (.text:PinTypeUART)
                  20008e9a    00000018                 : i2c.obj (.text:I2CMasterIntEnableEx)
                  20008eb2    00000018                 : spi.obj (.text:SPICSDisable)
                  20008eca    00000018                 : spi.obj (.text:SPICSEnable)
                  20008ee2    00000018                 : spi.obj (.text:SPIEnable)
                  20008efa    00000018                 : uart.obj (.text:UARTCharsAvail)
                  20008f12    00000018     rtsv7M4_T_le_eabi.lib : vsnprintf.c.obj (.text:_outc)
                  20008f2a    00000018                           : strcmp.c.obj (.text:strcmp)
                  20008f42    00000016     driverlib.a : i2c.obj (.text:I2CMasterDataPut)
                  20008f58    00000016                 : i2c.obj (.text:I2CMasterEnable)
                  20008f6e    00000016                 : i2c.obj (.text:I2CMasterIntClear)
                  20008f84    00000016                 : prcm.obj (.text:PRCMHIBRegRead)
                  20008f9a    00000016                 : prcm.obj (.text:PRCMHIBRegWrite)
                  20008fb0    00000016     rtsv7M4_T_le_eabi.lib : strchr.c.obj (.text:strchr)
                  20008fc6    00000014     driverlib.a : cpu.obj (.text:CPUcpsie)
                  20008fda    00000002     --HOLE-- [fill = 0]
                  20008fdc    00000014                 : interrupt.obj (.text:IntVTableBaseSet)
                  20008ff0    00000014     rtsv7M4_T_le_eabi.lib : strlen.c.obj (.text:strlen)
                  20009004    00000012     driverlib.a : i2c.obj (.text:I2CMasterControl)
                  20009016    00000012                 : i2c.obj (.text:I2CMasterTimeoutSet)
                  20009028    00000012     rtsv7M4_T_le_eabi.lib : wcslen.c.obj (.text:wcslen)
                  2000903a    0000000e     driverlib.a : i2c.obj (.text:I2CMasterDataGet)
                  20009048    0000000e     rtsv7M4_T_le_eabi.lib : copy_decompress_none.c.obj (.text:decompress:none:__TI_decompress_none)
                  20009056    0000000e     startup_ccs.obj (.text)
                  20009064    0000000c     rtsv7M4_T_le_eabi.lib : s_copysign.c.obj (.text:copysign)
                  20009070    0000000a     driverlib.a : interrupt.obj (.text:IntMasterEnable)
                  2000907a    00000002     --HOLE-- [fill = 0]
                  2000907c    00000008     rtsv7M4_T_le_eabi.lib : errno.c.obj (.text:__aeabi_errno_addr)
                  20009084    00000008                           : memory.c.obj (.text:malloc)
                  2000908c    00000006     driverlib.a : utils.obj (.text:UtilsDelay)
                  20009092    00000004     rtsv7M4_T_le_eabi.lib : pre_init.c.obj (.text:_system_pre_init)
                  20009096    00000004                           : exit.c.obj (.text:abort:abort)

.const     0    2000909c    000009bc     
                  2000909c    000004fb     Adafruit_GFX.obj (.const:.string:font)
                  20009597    00000101     rtsv7M4_T_le_eabi.lib : ctype.c.obj (.const:.string:_ctypes_)
                  20009698    00000100     main.obj (.const:.string:$P$T0$1)
                  20009798    00000100     main.obj (.const:.string:$P$T1$2)
                  20009898    00000100     driverlib.a : pin.obj (.const:g_ulPinToPadMap)
                  20009998    000000a8                 : prcm.obj (.const:PRCM_PeriphRegsList)
                  20009a40    00000018                 : interrupt.obj (.const:g_pulEnRegs)

.cinit     0    20009a58    00000048     
                  20009a58    00000020     (.cinit..data.load) [load image, compression = lzss]
                  20009a78    0000000c     (__TI_handler_table)
                  20009a84    00000004     --HOLE-- [fill = 0]
                  20009a88    00000008     (.cinit..bss.load) [load image, compression = zero_init]
                  20009a90    00000010     (__TI_cinit_table)

.sysmem    0    20017000    00000800     UNINITIALIZED
                  20017000    00000010     rtsv7M4_T_le_eabi.lib : memory.c.obj (.sysmem)
                  20017010    000007f0     --HOLE--

.data      0    20017800    00000030     UNINITIALIZED
                  20017800    00000015     Adafruit_GFX.obj (.data)
                  20017815    00000003     --HOLE--
                  20017818    00000008     rtsv7M4_T_le_eabi.lib : _lock.c.obj (.data:$O1$$)
                  20017820    00000008                           : memory.c.obj (.data:$O1$$)
                  20017828    00000004                           : errno.c.obj (.data)
                  2001782c    00000004                           : strtok.c.obj (.data)

.bss       0    20017830    00000004     UNINITIALIZED
                  20017830    00000004     uart_if.obj (.bss)

.stack     0    2002f800    00000800     UNINITIALIZED
                  2002f800    00000004     rtsv7M4_T_le_eabi.lib : boot_cortex_m.c.obj (.stack)
                  2002f804    000007fc     --HOLE--

__llvm_prf_cnts 
*          0    20017000    00000000     UNINITIALIZED

MODULE SUMMARY

       Module                       code    ro data   rw data
       ------                       ----    -------   -------
    .\
       Adafruit_GFX.obj             2688    1275      21     
       main.obj                     2840    512       0      
       Adafruit_OLED.obj            1190    0         0      
       startup_ccs.obj              14      1024      0      
       i2c_if.obj                   672     0         0      
       uart_if.obj                  636     0         4      
       pinmux.obj                   148     0         0      
    +--+----------------------------+-------+---------+---------+
       Total:                       8188    2811      25     
                                                             
    C:/ti/CC3200SDK_1.5.0/cc3200-sdk/driverlib/ccs/Release/driverlib.a
       prcm.obj                     800     168       0      
       pin.obj                      302     256       0      
       i2c.obj                      380     0         0      
       spi.obj                      328     0         0      
       uart.obj                     284     0         0      
       interrupt.obj                198     24        0      
       gpio.obj                     86      0         0      
       cpu.obj                      20      0         0      
       utils.obj                    6       0         0      
    +--+----------------------------+-------+---------+---------+
       Total:                       2404    448       0      
                                                             
    C:\ti\ccs1250\ccs\tools\compiler\ti-cgt-arm_20.2.7.LTS\lib\rtsv7M4_T_le_eabi.lib
       _printfi.c.obj               4835    0         0      
       memory.c.obj                 900     0         8      
       fd_add_t2.asm.obj            438     0         0      
       fd_div_t2.asm.obj            310     0         0      
       strtoul.c.obj                272     0         0      
       fd_cmp_t2.asm.obj            268     0         0      
       ctype.c.obj                  0       257       0      
       fd_mul_t2.asm.obj            252     0         0      
       s_scalbn.c.obj               208     0         0      
       memcpy_t2.asm.obj            156     0         0      
       ull_div_t2.asm.obj           150     0         0      
       vsnprintf.c.obj              136     0         0      
       memset_t2.asm.obj            122     0         0      
       copy_decompress_lzss.c.obj   104     0         0      
       s_frexp.c.obj                92      0         0      
       _ltoa.c.obj                  84      0         0      
       atoi.c.obj                   76      0         0      
       fd_toi_t2.asm.obj            72      0         0      
       autoinit.c.obj               68      0         0      
       strtok.c.obj                 64      0         4      
       i_tofd_t2.asm.obj            46      0         0      
       strspn.c.obj                 42      0         0      
       memmov.c.obj                 40      0         0      
       boot_cortex_m.c.obj          36      0         0      
       strcspn.c.obj                36      0         0      
       copy_zero_init.c.obj         28      0         0      
       memccpy.c.obj                28      0         0      
       strcmp.c.obj                 24      0         0      
       strchr.c.obj                 22      0         0      
       strlen.c.obj                 20      0         0      
       wcslen.c.obj                 18      0         0      
       copy_decompress_none.c.obj   14      0         0      
       errno.c.obj                  8       0         4      
       s_copysign.c.obj             12      0         0      
       _lock.c.obj                  2       0         8      
       exit.c.obj                   4       0         0      
       pre_init.c.obj               4       0         0      
       div0.asm.obj                 2       0         0      
    +--+----------------------------+-------+---------+---------+
       Total:                       8993    257       24     
                                                             
       Heap:                        0       0         2048   
       Stack:                       0       0         2048   
       Linker Generated:            0       68        0      
    +--+----------------------------+-------+---------+---------+
       Grand Total:                 19585   3584      4145   


LINKER GENERATED COPY TABLES

__TI_cinit_table @ 20009a90 records: 2, size/record: 8, table size: 16
	.data: load addr=20009a58, load size=00000020 bytes, run addr=20017800, run size=00000030 bytes, compression=lzss
	.bss: load addr=20009a88, load size=00000008 bytes, run addr=20017830, run size=00000004 bytes, compression=zero_init


LINKER GENERATED HANDLER TABLE

__TI_handler_table @ 20009a78 records: 3, size/record: 4, table size: 12
	index: 0, handler: __TI_decompress_lzss
	index: 1, handler: __TI_decompress_none
	index: 2, handler: __TI_zero_init


GLOBAL SYMBOLS: SORTED ALPHABETICALLY BY Name 

address   name                          
-------   ----                          
20006471  Adafruit_Init                 
20009097  C$$EXIT                       
20008fc7  CPUcpsie                      
20006b71  ClearTerm                     
200065e7  Color565                      
2000485d  DisplayBuffer                 
20004401  DisplayPrompt                 
2000440b  DisplayUsage                  
20006b7b  Error                         
20008ab5  GPIODirModeSet                
20008d59  GPIOPinWrite                  
20006bb3  GetCmd                        
20009005  I2CMasterControl              
2000903b  I2CMasterDataGet              
20008f43  I2CMasterDataPut              
20008f59  I2CMasterEnable               
20008bab  I2CMasterErr                  
20008435  I2CMasterInitExpClk           
20008f6f  I2CMasterIntClear             
20008e9b  I2CMasterIntEnableEx          
20008d99  I2CMasterIntStatusEx          
20008d15  I2CMasterSlaveAddrSet         
20009017  I2CMasterTimeoutSet           
20006b1b  I2C_IF_Close                  
20006abf  I2C_IF_Open                   
200069bd  I2C_IF_Read                   
20006a79  I2C_IF_ReadFrom               
2000690d  I2C_IF_Write                  
20006b31  InitTerm                      
20007efd  IntEnable                     
20009071  IntMasterEnable               
20008fdd  IntVTableBaseSet              
20004d59  MasterMain                    
20006b4f  Message                       
200058c3  Outstr                        
20007399  PRCMCC3200MCUInit             
20008f85  PRCMHIBRegRead                
20008f9b  PRCMHIBRegWrite               
20008c31  PRCMPeripheralClkDisable      
20008a79  PRCMPeripheralClkEnable       
20008179  PRCMPeripheralClockGet        
2000874d  PRCMPeripheralReset           
20008bd9  PRCMSysResetCauseGet          
20004cc7  ParseNProcessCmd              
200082a1  PinConfigSet                  
20008979  PinModeSet                    
2000820d  PinMuxConfig                  
20008aeb  PinTypeGPIO                   
20008df3  PinTypeI2C                    
20008e81  PinTypeUART                   
200048e3  ProcessReadCommand            
20004969  ProcessReadRegCommand         
20004bbf  ProcessWriteCommand           
20004a29  ProcessWriteRegCommand        
20006cf1  Report                        
20009057  ResetISR                      
20008eb3  SPICSDisable                  
20008ecb  SPICSEnable                   
20007fa5  SPIConfigSetExpClk            
20008d79  SPIDataGet                    
20008db7  SPIDataPut                    
20008ee3  SPIEnable                     
20008d37  SPIReset                      
20006c59  TrimSpace                     
20008e0f  UARTCharGetNonBlocking        
20008dd5  UARTCharPut                   
20008efb  UARTCharsAvail                
20008533  UARTConfigSetExpClk           
20008b1d  UARTDisable                   
20008ca9  UARTEnable                    
2000908d  UtilsDelay                    
20030000  __STACK_END                   
00000800  __STACK_SIZE                  
00000800  __SYSMEM_SIZE                 
20009a90  __TI_CINIT_Base               
20009aa0  __TI_CINIT_Limit              
20009a78  __TI_Handler_Table_Base       
20009a84  __TI_Handler_Table_Limit      
20008935  __TI_auto_init_nobinit_nopinit
20008687  __TI_decompress_lzss          
20009049  __TI_decompress_none          
200087fb  __TI_ltoa                     
ffffffff  __TI_pprof_out_hndl           
20005999  __TI_printfi                  
ffffffff  __TI_prof_data_size           
ffffffff  __TI_prof_data_start          
20009a58  __TI_static_base__            
20008e2b  __TI_zero_init_nomemset       
20008329  __aeabi_cdcmpeq               
20008329  __aeabi_cdcmple               
200083af  __aeabi_cdrcmple              
200088ed  __aeabi_d2iz                  
200071eb  __aeabi_dadd                  
2000764d  __aeabi_ddiv                  
20007ab5  __aeabi_dmul                  
200071e1  __aeabi_dsub                  
2000907d  __aeabi_errno_addr            
20008b7d  __aeabi_i2d                   
2000688f  __aeabi_idiv0                 
2000688f  __aeabi_ldiv0                 
200084b9  __aeabi_memclr                
200084b9  __aeabi_memclr4               
200084b9  __aeabi_memclr8               
20008045  __aeabi_memcpy                
20008045  __aeabi_memcpy4               
20008045  __aeabi_memcpy8               
200084bb  __aeabi_memset                
200084bb  __aeabi_memset4               
200084bb  __aeabi_memset8               
200080e1  __aeabi_uldivmod              
ffffffff  __binit__                     
ffffffff  __c_args__                    
UNDEFED   __mpu_init                    
2002f800  __stack                       
20017000  __start___llvm_prf_cnts       
20017000  __stop___llvm_prf_cnts        
20008ccd  _c_int00_noargs               
20009597  _ctypes_                      
20017818  _lock                         
200063e7  _nop                          
20017000  _sys_memory                   
UNDEFED   _system_post_cinit            
20009093  _system_pre_init              
2001781c  _unlock                       
20009097  abort                         
200079b5  aligned_alloc                 
200088a1  atoi                          
ffffffff  binit                         
20009065  copysign                      
20009065  copysignl                     
20017800  cursor_x                      
20017804  cursor_y                      
20005777  drawChar                      
20004f19  drawCircle                    
2000504d  drawCircleHelper              
20006799  drawFastHLine                 
200066fd  drawFastVLine                 
20005293  drawLine                      
20006835  drawPixel                     
2000537f  drawRect                      
200053cd  drawRoundRect                 
20005535  drawTriangle                  
20017828  errno                         
2000516b  fillCircle                    
200051a5  fillCircleHelper              
2000663f  fillRect                      
200054bb  fillRoundRect                 
20006629  fillScreen                    
20005577  fillTriangle                  
20007bb1  free                          
200086f1  frexp                         
200086f1  frexpl                        
20004000  g_pfnVectors                  
200065a3  goTo                          
20005977  height                        
20006873  invert                        
20007d79  ldexp                         
20007d79  ldexpl                        
20004db1  main                          
20009085  malloc                        
200079b5  memalign                      
20008e65  memccpy                       
20008045  memcpy                        
20008c81  memmove                       
200084c1  memset                        
20007c95  realloc                       
20007d79  scalbn                        
20007d79  scalbnl                       
2000590f  setCursor                     
20005947  setTextColor                  
20005927  setTextSize                   
2000595f  setTextWrap                   
20008fb1  strchr                        
20008f2b  strcmp                        
20008cf1  strcspn                       
20008ff1  strlen                        
20008c05  strspn                        
200089b9  strtok                        
200078a5  strtoul                       
20017810  textbgcolor                   
2001780c  textcolor                     
20017808  textsize                      
200089f9  vsnprintf                     
20009029  wcslen                        
20005973  width                         
20017814  wrap                          
200063e9  writeCommand                  
2000642d  writeData                     


GLOBAL SYMBOLS: SORTED BY Symbol Address 

address   name                          
-------   ----                          
00000800  __STACK_SIZE                  
00000800  __SYSMEM_SIZE                 
20004000  g_pfnVectors                  
20004401  DisplayPrompt                 
2000440b  DisplayUsage                  
2000485d  DisplayBuffer                 
200048e3  ProcessReadCommand            
20004969  ProcessReadRegCommand         
20004a29  ProcessWriteRegCommand        
20004bbf  ProcessWriteCommand           
20004cc7  ParseNProcessCmd              
20004d59  MasterMain                    
20004db1  main                          
20004f19  drawCircle                    
2000504d  drawCircleHelper              
2000516b  fillCircle                    
200051a5  fillCircleHelper              
20005293  drawLine                      
2000537f  drawRect                      
200053cd  drawRoundRect                 
200054bb  fillRoundRect                 
20005535  drawTriangle                  
20005577  fillTriangle                  
20005777  drawChar                      
200058c3  Outstr                        
2000590f  setCursor                     
20005927  setTextSize                   
20005947  setTextColor                  
2000595f  setTextWrap                   
20005973  width                         
20005977  height                        
20005999  __TI_printfi                  
200063e7  _nop                          
200063e9  writeCommand                  
2000642d  writeData                     
20006471  Adafruit_Init                 
200065a3  goTo                          
200065e7  Color565                      
20006629  fillScreen                    
2000663f  fillRect                      
200066fd  drawFastVLine                 
20006799  drawFastHLine                 
20006835  drawPixel                     
20006873  invert                        
2000688f  __aeabi_idiv0                 
2000688f  __aeabi_ldiv0                 
2000690d  I2C_IF_Write                  
200069bd  I2C_IF_Read                   
20006a79  I2C_IF_ReadFrom               
20006abf  I2C_IF_Open                   
20006b1b  I2C_IF_Close                  
20006b31  InitTerm                      
20006b4f  Message                       
20006b71  ClearTerm                     
20006b7b  Error                         
20006bb3  GetCmd                        
20006c59  TrimSpace                     
20006cf1  Report                        
200071e1  __aeabi_dsub                  
200071eb  __aeabi_dadd                  
20007399  PRCMCC3200MCUInit             
2000764d  __aeabi_ddiv                  
200078a5  strtoul                       
200079b5  aligned_alloc                 
200079b5  memalign                      
20007ab5  __aeabi_dmul                  
20007bb1  free                          
20007c95  realloc                       
20007d79  ldexp                         
20007d79  ldexpl                        
20007d79  scalbn                        
20007d79  scalbnl                       
20007efd  IntEnable                     
20007fa5  SPIConfigSetExpClk            
20008045  __aeabi_memcpy                
20008045  __aeabi_memcpy4               
20008045  __aeabi_memcpy8               
20008045  memcpy                        
200080e1  __aeabi_uldivmod              
20008179  PRCMPeripheralClockGet        
2000820d  PinMuxConfig                  
200082a1  PinConfigSet                  
20008329  __aeabi_cdcmpeq               
20008329  __aeabi_cdcmple               
200083af  __aeabi_cdrcmple              
20008435  I2CMasterInitExpClk           
200084b9  __aeabi_memclr                
200084b9  __aeabi_memclr4               
200084b9  __aeabi_memclr8               
200084bb  __aeabi_memset                
200084bb  __aeabi_memset4               
200084bb  __aeabi_memset8               
200084c1  memset                        
20008533  UARTConfigSetExpClk           
20008687  __TI_decompress_lzss          
200086f1  frexp                         
200086f1  frexpl                        
2000874d  PRCMPeripheralReset           
200087fb  __TI_ltoa                     
200088a1  atoi                          
200088ed  __aeabi_d2iz                  
20008935  __TI_auto_init_nobinit_nopinit
20008979  PinModeSet                    
200089b9  strtok                        
200089f9  vsnprintf                     
20008a79  PRCMPeripheralClkEnable       
20008ab5  GPIODirModeSet                
20008aeb  PinTypeGPIO                   
20008b1d  UARTDisable                   
20008b7d  __aeabi_i2d                   
20008bab  I2CMasterErr                  
20008bd9  PRCMSysResetCauseGet          
20008c05  strspn                        
20008c31  PRCMPeripheralClkDisable      
20008c81  memmove                       
20008ca9  UARTEnable                    
20008ccd  _c_int00_noargs               
20008cf1  strcspn                       
20008d15  I2CMasterSlaveAddrSet         
20008d37  SPIReset                      
20008d59  GPIOPinWrite                  
20008d79  SPIDataGet                    
20008d99  I2CMasterIntStatusEx          
20008db7  SPIDataPut                    
20008dd5  UARTCharPut                   
20008df3  PinTypeI2C                    
20008e0f  UARTCharGetNonBlocking        
20008e2b  __TI_zero_init_nomemset       
20008e65  memccpy                       
20008e81  PinTypeUART                   
20008e9b  I2CMasterIntEnableEx          
20008eb3  SPICSDisable                  
20008ecb  SPICSEnable                   
20008ee3  SPIEnable                     
20008efb  UARTCharsAvail                
20008f2b  strcmp                        
20008f43  I2CMasterDataPut              
20008f59  I2CMasterEnable               
20008f6f  I2CMasterIntClear             
20008f85  PRCMHIBRegRead                
20008f9b  PRCMHIBRegWrite               
20008fb1  strchr                        
20008fc7  CPUcpsie                      
20008fdd  IntVTableBaseSet              
20008ff1  strlen                        
20009005  I2CMasterControl              
20009017  I2CMasterTimeoutSet           
20009029  wcslen                        
2000903b  I2CMasterDataGet              
20009049  __TI_decompress_none          
20009057  ResetISR                      
20009065  copysign                      
20009065  copysignl                     
20009071  IntMasterEnable               
2000907d  __aeabi_errno_addr            
20009085  malloc                        
2000908d  UtilsDelay                    
20009093  _system_pre_init              
20009097  C$$EXIT                       
20009097  abort                         
20009597  _ctypes_                      
20009a58  __TI_static_base__            
20009a78  __TI_Handler_Table_Base       
20009a84  __TI_Handler_Table_Limit      
20009a90  __TI_CINIT_Base               
20009aa0  __TI_CINIT_Limit              
20017000  __start___llvm_prf_cnts       
20017000  __stop___llvm_prf_cnts        
20017000  _sys_memory                   
20017800  cursor_x                      
20017804  cursor_y                      
20017808  textsize                      
2001780c  textcolor                     
20017810  textbgcolor                   
20017814  wrap                          
20017818  _lock                         
2001781c  _unlock                       
20017828  errno                         
2002f800  __stack                       
20030000  __STACK_END                   
ffffffff  __TI_pprof_out_hndl           
ffffffff  __TI_prof_data_size           
ffffffff  __TI_prof_data_start          
ffffffff  __binit__                     
ffffffff  __c_args__                    
ffffffff  binit                         
UNDEFED   __mpu_init                    
UNDEFED   _system_post_cinit            

[188 symbols]
