******************************************************************************
                  TI ARM Linker PC v20.2.7                     
******************************************************************************
>> Linked Thu Feb 22 12:26:41 2024

OUTPUT FILE NAME:   <ssl.out>
ENTRY POINT SYMBOL: "_c_int00_noargs"  address: 2000c9f9


MEMORY CONFIGURATION

         name            origin    length      used     unused   attr    fill
----------------------  --------  ---------  --------  --------  ----  --------
  SRAM_CODE             20004000   00013000  000095ce  00009a32  RW X
  SRAM_DATA             20017000   00019000  000092ba  0000fd46  RW X


SEGMENT ALLOCATION MAP

run origin  load origin   length   init length attrs members
----------  ----------- ---------- ----------- ----- -------
20004000    20004000    000095d0   000095d0    r-x
  20004000    20004000    00000400   00000400    r-- .intvecs
  20004400    20004400    00008b62   00008b62    r-x .text
  2000cf64    2000cf64    00000614   00000614    r-- .const
  2000d578    2000d578    00000058   00000058    r-- .cinit
20017000    20017000    000082bc   00000000    rw-
  20017000    20017000    00008000   00000000    rw- .sysmem
  2001f000    2001f000    0000021a   00000000    rw- .bss
  2001f21c    2001f21c    000000a0   00000000    rw- .data
2002f000    2002f000    00001000   00000000    rw-
  2002f000    2002f000    00001000   00000000    rw- .stack


SECTION ALLOCATION MAP

 output                                  attributes/
section   page    origin      length       input sections
--------  ----  ----------  ----------   ----------------
.intvecs   0    20004000    00000400     
                  20004000    00000400     startup_ccs.obj (.intvecs)

.init_array 
*          0    20004000    00000000     UNINITIALIZED

.text      0    20004400    00008b62     
                  20004400    000012f8     main.obj (.text)
                  200056f8    00000a4e     rtsv7M4_T_le_eabi.lib : _printfi.c.obj (.text:__TI_printfi)
                  20006146    00000002     driverlib.a : interrupt.obj (.text:IntDefaultHandler)
                  20006148    00000590     simplelink.a : driver.obj (.text:_SlDrvMsgRead)
                  200066d8    00000398     gpio_if.obj (.text)
                  20006a70    00000280     simplelink.a : wlan.obj (.text:sl_WlanConnect)
                  20006cf0    0000027c     uart_if.obj (.text)
                  20006f6c    00000268     rtsv7M4_T_le_eabi.lib : _printfi.c.obj (.text:_pconv_a)
                  200071d4    00000248     simplelink.a : driver.obj (.text:_SlDrvRxHdrRead)
                  2000741c    000001e4                  : driver.obj (.text:_SlDrvDataReadOp)
                  20007600    000001d0                  : driver.obj (.text:_SlDrvReleasePoolObj)
                  200077d0    000001cc     rtsv7M4_T_le_eabi.lib : _printfi.c.obj (.text:_pconv_g)
                  2000799c    000001b6                           : fd_add_t2.asm.obj (.text)
                  20007b52    00000002                           : _lock.c.obj (.text:_nop)
                  20007b54    000001b4     simplelink.a : driver.obj (.text:_SlDrvDriverCBInit)
                  20007d08    0000019c                  : driver.obj (.text:_SlDrvMsgWrite)
                  20007ea4    00000190                  : driver.obj (.text:_SlDrvWaitForPoolObj)
                  20008034    0000018c                  : socket.obj (.text:sl_Connect)
                  200081c0    00000178     driverlib.a : prcm.obj (.text:PRCMCC3200MCUInit)
                  20008338    00000170     simplelink.a : driver.obj (.text:_SlFindAndSetActiveObj)
                  200084a8    00000150                  : driver.obj (.text:_SlDrvDataWriteOp)
                  200085f8    00000148                  : cc_pal.obj (.text:spi_Open)
                  20008740    00000144                  : driver.obj (.text:_SlDrvMsgReadCmdCtx)
                  20008884    00000144                  : netapp.obj (.text:sl_NetAppDnsGetHostByName)
                  200089c8    0000013c     rtsv7M4_T_le_eabi.lib : _printfi.c.obj (.text:_pconv_e)
                  20008b04    00000136                           : fd_div_t2.asm.obj (.text)
                  20008c3a    00000002                           : div0.asm.obj (.text)
                  20008c3c    00000134     simplelink.a : socket.obj (.text:sl_Send)
                  20008d70    00000130                  : driver.obj (.text:_SlDrvDriverCBDeinit)
                  20008ea0    00000120     rtsv7M4_T_le_eabi.lib : _printfi.c.obj (.text:fcvt)
                  20008fc0    00000104     simplelink.a : netapp.obj (.text:_SlDrvNetAppEventHandler)
                  200090c4    00000100     rtsv7M4_T_le_eabi.lib : memory.c.obj (.text:aligned_alloc)
                  200091c4    000000fc                           : fd_mul_t2.asm.obj (.text)
                  200092c0    000000f0     simplelink.a : device.obj (.text:sl_Start)
                  200093b0    000000f0                  : device.obj (.text:sl_Stop)
                  200094a0    000000f0                  : cc_pal.obj (.text:spi_Read)
                  20009590    000000f0     driverlib.a : udma.obj (.text:uDMAChannelTransferSet)
                  20009680    000000e8     simplelink.a : driver.obj (.text:_SlAsyncEventGenericHandler)
                  20009768    000000e8                  : driver.obj (.text:_SlDrvMsgReadSpawnCtx)
                  20009850    000000e4     rtsv7M4_T_le_eabi.lib : memory.c.obj (.text:free)
                  20009934    000000e4                           : memory.c.obj (.text:realloc)
                  20009a18    000000e4     simplelink.a : netapp.obj (.text:sl_NetAppMDNSRegisterUnregisterService)
                  20009afc    000000dc                  : driver.obj (.text:_SlDrvClassifyRxMsg)
                  20009bd8    000000d0     rtsv7M4_T_le_eabi.lib : s_scalbn.c.obj (.text:scalbn)
                  20009ca8    000000cc     simplelink.a : netapp.obj (.text:_sl_HandleAsync_DnsGetHostByService)
                  20009d74    000000cc                  : device.obj (.text:sl_DevGet)
                  20009e40    000000c4                  : driver.obj (.text:_SlRemoveFromList)
                  20009f04    000000c0                  : driver.obj (.text:_SlDrvCmdOp)
                  20009fc4    000000b1     rtsv7M4_T_le_eabi.lib : _printfi.c.obj (.text:_ltostr)
                  2000a075    00000003     --HOLE-- [fill = 0]
                  2000a078    000000b0     simplelink.a : nonos.obj (.text:_SlNonOsSemGet)
                  2000a128    000000a8     driverlib.a : interrupt.obj (.text:IntDisable)
                  2000a1d0    000000a8                 : interrupt.obj (.text:IntEnable)
                  2000a278    000000a4     simplelink.a : driver.obj (.text:_SlDriverHandleError)
                  2000a31c    000000a0     driverlib.a : spi.obj (.text:SPIConfigSetExpClk)
                  2000a3bc    000000a0     simplelink.a : socket.obj (.text:sl_Recv)
                  2000a45c    0000009c     rtsv7M4_T_le_eabi.lib : memcpy_t2.asm.obj (.text)
                  2000a4f8    0000009a     simplelink.a : device.obj (.text:_SlDrvDeviceEventHandler)
                  2000a592    00000002     --HOLE-- [fill = 0]
                  2000a594    00000098                  : device.obj (.text:sl_DevSet)
                  2000a62c    00000098                  : netcfg.obj (.text:sl_NetCfgSet)
                  2000a6c4    00000098                  : socket.obj (.text:sl_SetSockOpt)
                  2000a75c    00000098                  : wlan.obj (.text:sl_WlanSet)
                  2000a7f4    00000098                  : cc_pal.obj (.text:spi_Write)
                  2000a88c    00000096     rtsv7M4_T_le_eabi.lib : ull_div_t2.asm.obj (.text)
                  2000a922    00000002     --HOLE-- [fill = 0]
                  2000a924    00000094     driverlib.a : prcm.obj (.text:PRCMPeripheralClockGet)
                  2000a9b8    00000090     simplelink.a : netapp.obj (.text:_sl_HandleAsync_DnsGetHostByName)
                  2000aa48    00000090                  : netapp.obj (.text:_sl_HandleAsync_PingResponse)
                  2000aad8    00000090                  : wlan.obj (.text:sl_WlanPolicySet)
                  2000ab68    0000008c                  : cc_pal.obj (.text:SetupDMAReceive)
                  2000abf4    0000008c                  : cc_pal.obj (.text:SetupDMASend)
                  2000ac80    0000008c                  : driver.obj (.text:_SlDrvIsTimeoutExpired)
                  2000ad0c    0000008c                  : device.obj (.text:_sl_HandleAsync_InitComplete)
                  2000ad98    0000008c                  : socket.obj (.text:sl_Socket)
                  2000ae24    00000088     driverlib.a : pin.obj (.text:PinConfigSet)
                  2000aeac    00000086     rtsv7M4_T_le_eabi.lib : fd_cmp_t2.asm.obj (.text:__aeabi_cdcmple)
                  2000af32    00000086                           : fd_cmp_t2.asm.obj (.text:__aeabi_cdrcmple)
                  2000afb8    00000084     simplelink.a : cc_pal.obj (.text:NwpPowerOnPreamble)
                  2000b03c    00000084                  : wlan.obj (.text:sl_WlanRxFilterSet)
                  2000b0c0    00000082     driverlib.a : gpio.obj (.text:GPIOIntTypeSet)
                  2000b142    00000002     --HOLE-- [fill = 0]
                  2000b144    00000080     simplelink.a : socket.obj (.text:_sl_HandleAsync_Connect)
                  2000b1c4    00000080                  : cc_pal.obj (.text:spi_Read_CPU)
                  2000b244    00000080                  : cc_pal.obj (.text:spi_Write_CPU)
                  2000b2c4    0000007a     rtsv7M4_T_le_eabi.lib : memset_t2.asm.obj (.text)
                  2000b33e    00000002     --HOLE-- [fill = 0]
                  2000b340    00000078     simplelink.a : cc_pal.obj (.text:spi_Close)
                  2000b3b8    00000076     driverlib.a : uart.obj (.text:UARTConfigSetExpClk)
                  2000b42e    00000002     --HOLE-- [fill = 0]
                  2000b430    00000074     simplelink.a : nonos.obj (.text:_SlNonOsMainLoopTask)
                  2000b4a4    00000070     rtsv7M4_T_le_eabi.lib : memory.c.obj (.text:split)
                  2000b514    0000006e                           : _printfi.c.obj (.text:_mcpy)
                  2000b582    00000002     --HOLE-- [fill = 0]
                  2000b584    0000006c     simplelink.a : driver.obj (.text:_SlDrvCmdSend)
                  2000b5f0    0000006c                  : netapp.obj (.text:_sl_NetAppSendTokenValue)
                  2000b65c    00000068     rtsv7M4_T_le_eabi.lib : copy_decompress_lzss.c.obj (.text:decompress:lzss:__TI_decompress_lzss)
                  2000b6c4    00000064     simplelink.a : nonos.obj (.text:_SlNonOsSpawn)
                  2000b728    00000064                  : socket.obj (.text:_sl_HandleAsync_Accept)
                  2000b78c    00000064                  : netapp.obj (.text:sl_NetAppMDNSUnRegisterService)
                  2000b7f0    00000064     driverlib.a : udma.obj (.text:uDMAChannelAttributeDisable)
                  2000b854    00000064                 : udma.obj (.text:uDMAChannelAttributeEnable)
                  2000b8b8    00000060     simplelink.a : socket.obj (.text:sl_Close)
                  2000b918    00000060                  : wlan.obj (.text:sl_WlanProfileDel)
                  2000b978    00000060                  : wlan.obj (.text:sl_WlanSetMode)
                  2000b9d8    0000005c     rtsv7M4_T_le_eabi.lib : s_frexp.c.obj (.text:frexp)
                  2000ba34    00000058     driverlib.a : interrupt.obj (.text:IntPendClear)
                  2000ba8c    00000058                 : prcm.obj (.text:PRCMPeripheralReset)
                  2000bae4    00000058     pinmux.obj (.text)
                  2000bb3c    00000056     rtsv7M4_T_le_eabi.lib : _printfi.c.obj (.text:_pconv_f)
                  2000bb92    00000002     --HOLE-- [fill = 0]
                  2000bb94    00000054     driverlib.a : interrupt.obj (.text:IntPrioritySet)
                  2000bbe8    00000054     simplelink.a : driver.obj (.text:_SlDrvRxIrqHandler)
                  2000bc3c    00000054     rtsv7M4_T_le_eabi.lib : _ltoa.c.obj (.text:__TI_ltoa)
                  2000bc90    00000054     simplelink.a : socket.obj (.text:_sl_HandleAsync_Select)
                  2000bce4    00000052     rtsv7M4_T_le_eabi.lib : _printfi.c.obj (.text:_ecpy)
                  2000bd36    00000002     --HOLE-- [fill = 0]
                  2000bd38    00000050     simplelink.a : device.obj (.text:_sl_HandleAsync_Stop)
                  2000bd88    0000004c     driverlib.a : spi.obj (.text:SPIIntEnable)
                  2000bdd4    0000004c                 : spi.obj (.text:SPIIntNumberGet)
                  2000be20    0000004c     simplelink.a : driver.obj (.text:_SlDrvProtectAsyncRespSetting)
                  2000be6c    0000004c                  : socket.obj (.text:_sl_BuildAddress)
                  2000beb8    0000004c     rtsv7M4_T_le_eabi.lib : atoi.c.obj (.text:atoi)
                  2000bf04    0000004c     driverlib.a : udma.obj (.text:uDMAChannelAssign)
                  2000bf50    00000048                 : gpio.obj (.text:GPIOGetIntNumber)
                  2000bf98    00000048                 : spi.obj (.text:SPIIntClear)
                  2000bfe0    00000048     simplelink.a : driver.obj (.text:_SlDrvBasicCmd)
                  2000c028    00000048     rtsv7M4_T_le_eabi.lib : fd_toi_t2.asm.obj (.text)
                  2000c070    00000044     driverlib.a : spi.obj (.text:SPIDmaMaskGet)
                  2000c0b4    00000044                 : timer.obj (.text:TimerConfigure)
                  2000c0f8    00000044     simplelink.a : driver.obj (.text:_SlDrvHandleHttpServerEvents)
                  2000c13c    00000044                  : driver.obj (.text:_SlDrvSyncObjWaitTimeout)
                  2000c180    00000044     rtsv7M4_T_le_eabi.lib : autoinit.c.obj (.text:__TI_auto_init_nobinit_nopinit:__TI_auto_init_nobinit_nopinit)
                  2000c1c4    00000044     simplelink.a : cc_pal.obj (.text:cc_SetupTransfer)
                  2000c208    00000042                  : socket.obj (.text:sl_Htonl)
                  2000c24a    00000002     --HOLE-- [fill = 0]
                  2000c24c    00000040     driverlib.a : pin.obj (.text:PinModeSet)
                  2000c28c    00000040     simplelink.a : driver.obj (.text:_SlDrvHandleNetAppEvents)
                  2000c2cc    00000040                  : driver.obj (.text:_SlDrvHandleWlanEvents)
                  2000c30c    00000040                  : socket.obj (.text:_sl_TruncatePayloadByProtocol)
                  2000c34c    00000040     rtsv7M4_T_le_eabi.lib : sprintf.c.obj (.text:sprintf)
                  2000c38c    00000040                           : vsnprintf.c.obj (.text:vsnprintf)
                  2000c3cc    0000003e     simplelink.a : cc_pal.obj (.text:NwpRegisterInterruptHandler)
                  2000c40a    0000003e     rtsv7M4_T_le_eabi.lib : _printfi.c.obj (.text:_fcpy)
                  2000c448    0000003c     simplelink.a : netapp.obj (.text:CopyPingResultsToReport)
                  2000c484    0000003c     driverlib.a : prcm.obj (.text:PRCMPeripheralClkEnable)
                  2000c4c0    0000003c     simplelink.a : cc_pal.obj (.text:simplelink_timerA2_start)
                  2000c4fc    0000003c                  : socket.obj (.text:sl_Htons)
                  2000c538    0000003c     driverlib.a : udma.obj (.text:uDMAChannelControlSet)
                  2000c574    00000038     simplelink.a : cc_pal.obj (.text:NwpPowerOff)
                  2000c5ac    00000038                  : wlan.obj (.text:sl_WlanDisconnect)
                  2000c5e4    00000036     driverlib.a : gpio.obj (.text:GPIODirModeSet)
                  2000c61a    00000002     --HOLE-- [fill = 0]
                  2000c61c    00000034     simplelink.a : cc_pal.obj (.text:NwpPowerOn)
                  2000c650    00000034     driverlib.a : prcm.obj (.text:PRCMPeripheralStatusGet)
                  2000c684    00000034                 : spi.obj (.text:SPIFIFOLevelSet)
                  2000c6b8    00000030                 : pin.obj (.text:PinTypeGPIO)
                  2000c6e8    00000030                 : uart.obj (.text:UARTDisable)
                  2000c718    00000030     rtsv7M4_T_le_eabi.lib : vsnprintf.c.obj (.text:_outs)
                  2000c748    0000002e                           : i_tofd_t2.asm.obj (.text)
                  2000c776    00000002     --HOLE-- [fill = 0]
                  2000c778    0000002c     driverlib.a : prcm.obj (.text:PRCMSysResetCauseGet)
                  2000c7a4    0000002c     simplelink.a : driver.obj (.text:_SlDrvObjGlobalLockWaitForever)
                  2000c7d0    0000002c                  : driver.obj (.text:_SlDrvProtectionObjLockWaitForever)
                  2000c7fc    0000002a     driverlib.a : timer.obj (.text:TimerLoadSet)
                  2000c826    0000002a                 : timer.obj (.text:TimerPrescaleSet)
                  2000c850    00000028                 : prcm.obj (.text:PRCMPeripheralClkDisable)
                  2000c878    00000028     simplelink.a : driver.obj (.text:_SlDrvGlobalObjUnLock)
                  2000c8a0    00000028                  : driver.obj (.text:_SlDrvProtectionObjUnLock)
                  2000c8c8    00000028                  : driver.obj (.text:_SlDrvSyncObjWaitForever)
                  2000c8f0    00000028     rtsv7M4_T_le_eabi.lib : memory.c.obj (.text:free_list_insert)
                  2000c918    00000028                           : memmov.c.obj (.text:memmove)
                  2000c940    00000026     simplelink.a : driver.obj (.text:_SlDrvObjLockWaitForever)
                  2000c966    00000026     network_common.obj (.text)
                  2000c98c    00000024     simplelink.a : cc_pal.obj (.text:DmaSpiSwIntHandler)
                  2000c9b0    00000024     driverlib.a : interrupt.obj (.text:IntUnregister)
                  2000c9d4    00000024                 : uart.obj (.text:UARTEnable)
                  2000c9f8    00000024     rtsv7M4_T_le_eabi.lib : boot_cortex_m.c.obj (.text:_c_int00_noargs:_c_int00_noargs)
                  2000ca1c    00000022     driverlib.a : spi.obj (.text:SPIReset)
                  2000ca3e    00000022                 : spi.obj (.text:SPIWordCountSet)
                  2000ca60    00000020                 : gpio.obj (.text:GPIOPinWrite)
                  2000ca80    00000020                 : interrupt.obj (.text:IntRegister)
                  2000caa0    00000020     simplelink.a : cc_pal.obj (.text:NwpPrePowerOffTimout0)
                  2000cac0    00000020                  : cc_pal.obj (.text:TimerGetCurrentTimestamp)
                  2000cae0    00000020                  : driver.obj (.text:_SlDrvObjUnLock)
                  2000cb00    00000020                  : driver.obj (.text:_SlDrvSyncObjSignal)
                  2000cb20    0000001e     driverlib.a : gpio.obj (.text:GPIOIntRegister)
                  2000cb3e    0000001e                 : timer.obj (.text:TimerEnable)
                  2000cb5c    0000001e                 : uart.obj (.text:UARTCharPut)
                  2000cb7a    0000001e     simplelink.a : cc_pal.obj (.text:cc_UDMAChannelSelect)
                  2000cb98    0000001c     driverlib.a : timer.obj (.text:TimerValueGet)
                  2000cbb4    0000001c                 : uart.obj (.text:UARTCharGetNonBlocking)
                  2000cbd0    0000001c     simplelink.a : driver.obj (.text:_SlDrvStartMeasureTimeout)
                  2000cbec    0000001c     rtsv7M4_T_le_eabi.lib : copy_zero_init.c.obj (.text:decompress:ZI:__TI_zero_init_nomemset:__TI_zero_init_nomemset)
                  2000cc08    0000001c                           : memory.c.obj (.text:free_list_remove)
                  2000cc24    0000001c                           : memccpy.c.obj (.text:memccpy)
                  2000cc40    0000001c     driverlib.a : udma.obj (.text:uDMAChannelEnable)
                  2000cc5c    0000001a                 : gpio.obj (.text:GPIOIntEnable)
                  2000cc76    0000001a                 : pin.obj (.text:PinTypeUART)
                  2000cc90    0000001a                 : spi.obj (.text:SPIDmaDisable)
                  2000ccaa    0000001a                 : spi.obj (.text:SPIDmaEnable)
                  2000ccc4    0000001a                 : spi.obj (.text:SPIFIFODisable)
                  2000ccde    0000001a                 : spi.obj (.text:SPIFIFOEnable)
                  2000ccf8    0000001a                 : spi.obj (.text:SPIIntUnregister)
                  2000cd12    00000018                 : gpio.obj (.text:GPIOPinRead)
                  2000cd2a    00000018                 : spi.obj (.text:SPICSDisable)
                  2000cd42    00000018                 : spi.obj (.text:SPICSEnable)
                  2000cd5a    00000018                 : spi.obj (.text:SPIDisable)
                  2000cd72    00000018                 : spi.obj (.text:SPIEnable)
                  2000cd8a    00000018                 : uart.obj (.text:UARTCharsAvail)
                  2000cda2    00000018     simplelink.a : nonos.obj (.text:_SlNonOsSemSet)
                  2000cdba    00000018     rtsv7M4_T_le_eabi.lib : vsnprintf.c.obj (.text:_outc)
                  2000cdd2    00000018                           : sprintf.c.obj (.text:_outs)
                  2000cdea    00000002     --HOLE-- [fill = 0]
                  2000cdec    00000018     simplelink.a : device.obj (.text:_sl_GetStartResponseConvert)
                  2000ce04    00000016     driverlib.a : prcm.obj (.text:PRCMHIBRegRead)
                  2000ce1a    00000016                 : prcm.obj (.text:PRCMHIBRegWrite)
                  2000ce30    00000016     simplelink.a : driver.obj (.text:_SlDrvMemZero)
                  2000ce46    00000016     rtsv7M4_T_le_eabi.lib : strchr.c.obj (.text:strchr)
                  2000ce5c    00000014     driverlib.a : cpu.obj (.text:CPUcpsie)
                  2000ce70    00000014                 : gpio.obj (.text:GPIOIntClear)
                  2000ce84    00000014                 : interrupt.obj (.text:IntVTableBaseSet)
                  2000ce98    00000014     rtsv7M4_T_le_eabi.lib : strcpy.c.obj (.text:strcpy)
                  2000ceac    00000014                           : strlen.c.obj (.text:strlen)
                  2000cec0    00000012                           : wcslen.c.obj (.text:wcslen)
                  2000ced2    00000010     simplelink.a : driver.obj (.text:_SlDrvDispatchHttpServerEvents)
                  2000cee2    0000000e                  : driver.obj (.text:_SlDrvResetCmdExt)
                  2000cef0    0000000e     rtsv7M4_T_le_eabi.lib : copy_decompress_none.c.obj (.text:decompress:none:__TI_decompress_none)
                  2000cefe    0000000e     startup_ccs.obj (.text)
                  2000cf0c    0000000c     simplelink.a : cc_pal.obj (.text:NwpMaskInterrupt)
                  2000cf18    0000000c                  : cc_pal.obj (.text:NwpUnMaskInterrupt)
                  2000cf24    0000000c     rtsv7M4_T_le_eabi.lib : s_copysign.c.obj (.text:copysign)
                  2000cf30    0000000a     driverlib.a : interrupt.obj (.text:IntMasterEnable)
                  2000cf3a    0000000a     rtsv7M4_T_le_eabi.lib : sprintf.c.obj (.text:_outc)
                  2000cf44    00000008                           : errno.c.obj (.text:__aeabi_errno_addr)
                  2000cf4c    00000008                           : memory.c.obj (.text:malloc)
                  2000cf54    00000006     driverlib.a : utils.obj (.text:UtilsDelay)
                  2000cf5a    00000004     rtsv7M4_T_le_eabi.lib : pre_init.c.obj (.text:_system_pre_init)
                  2000cf5e    00000004                           : exit.c.obj (.text:abort:abort)

.const     0    2000cf64    00000614     
                  2000cf64    00000101     rtsv7M4_T_le_eabi.lib : ctype.c.obj (.const:.string:_ctypes_)
                  2000d065    00000003     --HOLE-- [fill = 0]
                  2000d068    00000100     driverlib.a : pin.obj (.const:g_ulPinToPadMap)
                  2000d168    000000d4                 : interrupt.obj (.const:g_pulRegs)
                  2000d23c    000000a8                 : prcm.obj (.const:PRCM_PeriphRegsList)
                  2000d2e4    0000003c     simplelink.a : driver.obj (.const:OpcodeTranslateTable)
                  2000d320    00000038                  : driver.obj (.const:_SlActionLookupTable)
                  2000d358    0000002e     main.obj (.const:.string)
                  2000d386    00000002     --HOLE-- [fill = 0]
                  2000d388    0000002c     main.obj (.const:$P$T1$2)
                  2000d3b4    00000024     driverlib.a : spi.obj (.const:g_ppulSPIIntMap)
                  2000d3d8    00000022     main.obj (.const:.string:$P$T0$1)
                  2000d3fa    00000002     --HOLE-- [fill = 0]
                  2000d3fc    00000020     simplelink.a : driver.obj (.const:RxMsgClassLUT)
                  2000d41c    00000018     driverlib.a : interrupt.obj (.const:g_pulDisRegs)
                  2000d434    00000018                 : interrupt.obj (.const:g_pulEnRegs)
                  2000d44c    00000018                 : interrupt.obj (.const:g_pulUnpendRegs)
                  2000d464    00000018                 : spi.obj (.const:g_ulSPIDmaMaskMap)
                  2000d47c    00000015     main.obj (.const:.string:$P$T6$7)
                  2000d491    00000003     --HOLE-- [fill = 0]
                  2000d494    00000014     simplelink.a : driver.obj (.const:$P$T0$1)
                  2000d4a8    00000014                  : nonos.obj (.const:$P$T0$1)
                  2000d4bc    00000014     main.obj (.const:$P$T2$3)
                  2000d4d0    00000010     simplelink.a : socket.obj (.const:.string:_SlPayloadByProtocolLUT)
                  2000d4e0    0000000c     main.obj (.const:$P$T4$5)
                  2000d4ec    0000000c     main.obj (.const:.string:$P$T3$4)
                  2000d4f8    00000009     main.obj (.const:.string:$P$T5$6)
                  2000d501    00000008     simplelink.a : device.obj (.const:StartResponseLUT)
                  2000d509    00000003     --HOLE-- [fill = 0]
                  2000d50c    00000008                  : driver.obj (.const:g_H2NCnysPattern)
                  2000d514    00000008                  : driver.obj (.const:g_H2NSyncPattern)
                  2000d51c    00000005     main.obj (.const:.string:$P$T7$8)
                  2000d521    00000001     --HOLE-- [fill = 0]
                  2000d522    00000004     simplelink.a : wlan.obj (.const:$P$T0$1)
                  2000d526    00000004                  : socket.obj (.const:$P$T2$3)
                  2000d52a    00000004                  : device.obj (.const:_SlDeviceGetCmdCtrl)
                  2000d52e    00000004                  : device.obj (.const:_SlDeviceSetCmdCtrl)
                  2000d532    00000004                  : netapp.obj (.const:_SlGetHostByNameCtrl)
                  2000d536    00000004                  : netapp.obj (.const:_SlNetAppSendTokenValueCmdCtrl)
                  2000d53a    00000004                  : netcfg.obj (.const:_SlNetCfgSetCmdCtrl)
                  2000d53e    00000004                  : wlan.obj (.const:_SlPolicySetCmdCtrl)
                  2000d542    00000004                  : wlan.obj (.const:_SlProfileDelCmdCtrl)
                  2000d546    00000004                  : socket.obj (.const:_SlRecvCmdCtrl)
                  2000d54a    00000004                  : netapp.obj (.const:_SlRegisterServiceCtrl)
                  2000d54e    00000004                  : wlan.obj (.const:_SlRxFilterSetCmdCtrl)
                  2000d552    00000004                  : socket.obj (.const:_SlSendCmdCtrl)
                  2000d556    00000004                  : socket.obj (.const:_SlSetSockOptCmdCtrl)
                  2000d55a    00000004                  : socket.obj (.const:_SlSockCloseCmdCtrl)
                  2000d55e    00000004                  : socket.obj (.const:_SlSockSocketCmdCtrl)
                  2000d562    00000004                  : device.obj (.const:_SlStopCmdCtrl)
                  2000d566    00000004                  : wlan.obj (.const:_SlWlanCfgSetCmdCtrl)
                  2000d56a    00000004                  : wlan.obj (.const:_SlWlanSetModeCmdCtrl)
                  2000d56e    00000002     --HOLE-- [fill = 0]
                  2000d570    00000004                  : driver.obj (.const:httpServer_callbacks)
                  2000d574    00000004                  : driver.obj (.const:netApp_callbacks)

.cinit     0    2000d578    00000058     
                  2000d578    00000033     (.cinit..data.load) [load image, compression = lzss]
                  2000d5ab    00000001     --HOLE-- [fill = 0]
                  2000d5ac    0000000c     (__TI_handler_table)
                  2000d5b8    00000008     (.cinit..bss.load) [load image, compression = zero_init]
                  2000d5c0    00000010     (__TI_cinit_table)

.sysmem    0    20017000    00008000     UNINITIALIZED
                  20017000    00000010     rtsv7M4_T_le_eabi.lib : memory.c.obj (.sysmem)
                  20017010    00007ff0     --HOLE--

.bss       0    2001f000    0000021a     UNINITIALIZED
                  2001f000    00000168     simplelink.a : driver.obj (.bss:g_StatMem)
                  2001f168    00000050     (.common:g_ucDinDout)
                  2001f1b8    0000002c     (.common:g_time)
                  2001f1e4    00000024     (.common:g_ucConnectionSSID)
                  2001f208    00000008     (.common:g_ucConnectionBSSID)
                  2001f210    00000004     uart_if.obj (.bss)
                  2001f214    00000001     (.common:RxIrqCnt)
                  2001f215    00000001     (.common:g_bDeviceRestartIsRequired)
                  2001f216    00000001     (.common:g_cDummy)
                  2001f217    00000001     (.common:g_ucLED1Pin)
                  2001f218    00000001     (.common:g_ucLED2Pin)
                  2001f219    00000001     (.common:g_ucLED3Pin)

.data      0    2001f21c    000000a0     UNINITIALIZED
                  2001f21c    0000003c     simplelink.a : nonos.obj (.data:g__SlNonOsCB)
                  2001f258    00000014     gpio_if.obj (.data:ulReg)
                  2001f26c    00000010     main.obj (.data)
                  2001f27c    0000000d     simplelink.a : driver.obj (.data)
                  2001f289    00000003     --HOLE--
                  2001f28c    0000000c     gpio_if.obj (.data)
                  2001f298    00000009     simplelink.a : cc_pal.obj (.data)
                  2001f2a1    00000003     --HOLE--
                  2001f2a4    00000008     rtsv7M4_T_le_eabi.lib : _lock.c.obj (.data:$O1$$)
                  2001f2ac    00000008                           : memory.c.obj (.data:$O1$$)
                  2001f2b4    00000004                           : errno.c.obj (.data)
                  2001f2b8    00000004     simplelink.a : driver.obj (.data:wlan_callbacks)

.stack     0    2002f000    00001000     UNINITIALIZED
                  2002f000    00000004     rtsv7M4_T_le_eabi.lib : boot_cortex_m.c.obj (.stack)
                  2002f004    00000ffc     --HOLE--

__llvm_prf_cnts 
*          0    20017000    00000000     UNINITIALIZED

MODULE SUMMARY

       Module                       code    ro data   rw data
       ------                       ----    -------   -------
    .\
       main.obj                     4856    203       104    
       startup_ccs.obj              14      1024      0      
       gpio_if.obj                  920     0         35     
       uart_if.obj                  636     0         4      
       pinmux.obj                   88      0         0      
       network_common.obj           38      0         0      
    +--+----------------------------+-------+---------+---------+
       Total:                       6552    1227      143    
                                                             
    C:/ti/CC3200SDK_1.5.0/cc3200-sdk/driverlib/ccs/Release/driverlib.a
       prcm.obj                     852     168       0      
       interrupt.obj                608     284       0      
       spi.obj                      798     60        0      
       udma.obj                     604     0         0      
       pin.obj                      274     256       0      
       gpio.obj                     388     0         0      
       uart.obj                     284     0         0      
       timer.obj                    210     0         0      
       cpu.obj                      20      0         0      
       utils.obj                    6       0         0      
    +--+----------------------------+-------+---------+---------+
       Total:                       4044    768       0      
                                                             
    C:/ti/CC3200SDK_1.5.0/cc3200-sdk/simplelink/ccs/NON_OS_debug/simplelink.a
       driver.obj                   7906    192       379    
       cc_pal.obj                   1960    0         90     
       socket.obj                   1830    40        0      
       netapp.obj                   1572    12        0      
       wlan.obj                     1316    24        0      
       device.obj                   1234    20        0      
       nonos.obj                    416     20        60     
       netcfg.obj                   152     4         0      
    +--+----------------------------+-------+---------+---------+
       Total:                       16386   312       529    
                                                             
    C:\ti\ccs1250\ccs\tools\compiler\ti-cgt-arm_20.2.7.LTS\lib\rtsv7M4_T_le_eabi.lib
       _printfi.c.obj               4835    0         0      
       memory.c.obj                 900     0         8      
       fd_add_t2.asm.obj            438     0         0      
       fd_div_t2.asm.obj            310     0         0      
       fd_cmp_t2.asm.obj            268     0         0      
       ctype.c.obj                  0       257       0      
       fd_mul_t2.asm.obj            252     0         0      
       s_scalbn.c.obj               208     0         0      
       memcpy_t2.asm.obj            156     0         0      
       ull_div_t2.asm.obj           150     0         0      
       vsnprintf.c.obj              136     0         0      
       memset_t2.asm.obj            122     0         0      
       copy_decompress_lzss.c.obj   104     0         0      
       sprintf.c.obj                98      0         0      
       s_frexp.c.obj                92      0         0      
       _ltoa.c.obj                  84      0         0      
       atoi.c.obj                   76      0         0      
       fd_toi_t2.asm.obj            72      0         0      
       autoinit.c.obj               68      0         0      
       i_tofd_t2.asm.obj            46      0         0      
       memmov.c.obj                 40      0         0      
       boot_cortex_m.c.obj          36      0         0      
       copy_zero_init.c.obj         28      0         0      
       memccpy.c.obj                28      0         0      
       strchr.c.obj                 22      0         0      
       strcpy.c.obj                 20      0         0      
       strlen.c.obj                 20      0         0      
       wcslen.c.obj                 18      0         0      
       copy_decompress_none.c.obj   14      0         0      
       errno.c.obj                  8       0         4      
       s_copysign.c.obj             12      0         0      
       _lock.c.obj                  2       0         8      
       exit.c.obj                   4       0         0      
       pre_init.c.obj               4       0         0      
       div0.asm.obj                 2       0         0      
    +--+----------------------------+-------+---------+---------+
       Total:                       8673    257       20     
                                                             
       Heap:                        0       0         32768  
       Stack:                       0       0         4096   
       Linker Generated:            0       87        0      
    +--+----------------------------+-------+---------+---------+
       Grand Total:                 35655   2651      37556  


LINKER GENERATED COPY TABLES

__TI_cinit_table @ 2000d5c0 records: 2, size/record: 8, table size: 16
	.data: load addr=2000d578, load size=00000033 bytes, run addr=2001f21c, run size=000000a0 bytes, compression=lzss
	.bss: load addr=2000d5b8, load size=00000008 bytes, run addr=2001f000, run size=0000021a bytes, compression=zero_init


LINKER GENERATED HANDLER TABLE

__TI_handler_table @ 2000d5ac records: 3, size/record: 4, table size: 12
	index: 0, handler: __TI_decompress_lzss
	index: 1, handler: __TI_decompress_none
	index: 2, handler: __TI_zero_init


GLOBAL SYMBOLS: SORTED ALPHABETICALLY BY Name 

address   name                                  
-------   ----                                  
2000cf5f  C$$EXIT                               
2000ce5d  CPUcpsie                              
20006d31  ClearTerm                             
2000c98d  DmaSpiSwIntHandler                    
20006d3b  Error                                 
2000c5e5  GPIODirModeSet                        
2000ce71  GPIOIntClear                          
2000cc5d  GPIOIntEnable                         
2000cb21  GPIOIntRegister                       
2000b0c1  GPIOIntTypeSet                        
2000cd13  GPIOPinRead                           
2000ca61  GPIOPinWrite                          
20006999  GPIO_IF_ConfigureNIntEnable           
20006a25  GPIO_IF_Get                           
20006953  GPIO_IF_GetPortNPin                   
20006715  GPIO_IF_LedConfigure                  
20006807  GPIO_IF_LedOff                        
20006753  GPIO_IF_LedOn                         
200068bb  GPIO_IF_LedStatus                     
20006925  GPIO_IF_LedToggle                     
200069e1  GPIO_IF_Set                           
20006d73  GetCmd                                
20006cf1  InitTerm                              
2000a129  IntDisable                            
2000a1d1  IntEnable                             
2000cf31  IntMasterEnable                       
2000ba35  IntPendClear                          
2000bb95  IntPrioritySet                        
2000ca81  IntRegister                           
2000c9b1  IntUnregister                         
2000ce85  IntVTableBaseSet                      
20006d0f  Message                               
2000cf0d  NwpMaskInterrupt                      
2000c575  NwpPowerOff                           
2000c61d  NwpPowerOn                            
2000afb9  NwpPowerOnPreamble                    
2000caa1  NwpPrePowerOffTimout0                 
2000c3cd  NwpRegisterInterruptHandler           
2000cf19  NwpUnMaskInterrupt                    
2000d2e4  OpcodeTranslateTable                  
200081c1  PRCMCC3200MCUInit                     
2000ce05  PRCMHIBRegRead                        
2000ce1b  PRCMHIBRegWrite                       
2000c851  PRCMPeripheralClkDisable              
2000c485  PRCMPeripheralClkEnable               
2000a925  PRCMPeripheralClockGet                
2000ba8d  PRCMPeripheralReset                   
2000c651  PRCMPeripheralStatusGet               
2000c779  PRCMSysResetCauseGet                  
2000ae25  PinConfigSet                          
2000c24d  PinModeSet                            
2000bae5  PinMuxConfig                          
2000c6b9  PinTypeGPIO                           
2000cc77  PinTypeUART                           
20006eb1  Report                                
2000ceff  ResetISR                              
2001f214  RxIrqCnt                              
2000cd2b  SPICSDisable                          
2000cd43  SPICSEnable                           
2000a31d  SPIConfigSetExpClk                    
2000cd5b  SPIDisable                            
2000cc91  SPIDmaDisable                         
2000ccab  SPIDmaEnable                          
2000cd73  SPIEnable                             
2000ccc5  SPIFIFODisable                        
2000ccdf  SPIFIFOEnable                         
2000c685  SPIFIFOLevelSet                       
2000bf99  SPIIntClear                           
2000bd89  SPIIntEnable                          
2000ccf9  SPIIntUnregister                      
2000ca1d  SPIReset                              
2000ca3f  SPIWordCountSet                       
200045d5  SimpleLinkGeneralEventHandler         
200045ad  SimpleLinkHttpServerCallback          
2000450f  SimpleLinkNetAppEventHandler          
200045ef  SimpleLinkSockEventHandler            
20004401  SimpleLinkWlanEventHandler            
2000c0b5  TimerConfigure                        
2000cb3f  TimerEnable                           
2000cac1  TimerGetCurrentTimestamp              
2000c7fd  TimerLoadSet                          
2000c827  TimerPrescaleSet                      
2000cb99  TimerValueGet                         
20006e19  TrimSpace                             
2000cbb5  UARTCharGetNonBlocking                
2000cb5d  UARTCharPut                           
2000cd8b  UARTCharsAvail                        
2000b3b9  UARTConfigSetExpClk                   
2000c6e9  UARTDisable                           
2000c9d5  UARTEnable                            
2000cf55  UtilsDelay                            
2000d320  _SlActionLookupTable                  
2000a279  _SlDriverHandleError                  
2000bfe1  _SlDrvBasicCmd                        
20009f05  _SlDrvCmdOp                           
2000b585  _SlDrvCmdSend                         
2000741d  _SlDrvDataReadOp                      
200084a9  _SlDrvDataWriteOp                     
2000a4f9  _SlDrvDeviceEventHandler              
2000ced3  _SlDrvDispatchHttpServerEvents        
20008d71  _SlDrvDriverCBDeinit                  
20007b55  _SlDrvDriverCBInit                    
2000c879  _SlDrvGlobalObjUnLock                 
2000c0f9  _SlDrvHandleHttpServerEvents          
2000c28d  _SlDrvHandleNetAppEvents              
2000c2cd  _SlDrvHandleWlanEvents                
2000ac81  _SlDrvIsTimeoutExpired                
2000ce31  _SlDrvMemZero                         
20009769  _SlDrvMsgReadSpawnCtx                 
20008fc1  _SlDrvNetAppEventHandler              
2000c941  _SlDrvObjLockWaitForever              
2000cae1  _SlDrvObjUnLock                       
2000be21  _SlDrvProtectAsyncRespSetting         
2000c7d1  _SlDrvProtectionObjLockWaitForever    
2000c8a1  _SlDrvProtectionObjUnLock             
20007601  _SlDrvReleasePoolObj                  
2000cee3  _SlDrvResetCmdExt                     
2000bbe9  _SlDrvRxIrqHandler                    
2000cbd1  _SlDrvStartMeasureTimeout             
2000cb01  _SlDrvSyncObjSignal                   
2000c8c9  _SlDrvSyncObjWaitForever              
2000c13d  _SlDrvSyncObjWaitTimeout              
20007ea5  _SlDrvWaitForPoolObj                  
2000d536  _SlNetAppSendTokenValueCmdCtrl        
2000b431  _SlNonOsMainLoopTask                  
2000a079  _SlNonOsSemGet                        
2000cda3  _SlNonOsSemSet                        
2000b6c5  _SlNonOsSpawn                         
20030000  __STACK_END                           
00001000  __STACK_SIZE                          
00008000  __SYSMEM_SIZE                         
2000d5c0  __TI_CINIT_Base                       
2000d5d0  __TI_CINIT_Limit                      
2000d5ac  __TI_Handler_Table_Base               
2000d5b8  __TI_Handler_Table_Limit              
2000c181  __TI_auto_init_nobinit_nopinit        
2000b65d  __TI_decompress_lzss                  
2000cef1  __TI_decompress_none                  
2000bc3d  __TI_ltoa                             
ffffffff  __TI_pprof_out_hndl                   
200056f9  __TI_printfi                          
ffffffff  __TI_prof_data_size                   
ffffffff  __TI_prof_data_start                  
2000d578  __TI_static_base__                    
2000cbed  __TI_zero_init_nomemset               
2000aead  __aeabi_cdcmpeq                       
2000aead  __aeabi_cdcmple                       
2000af33  __aeabi_cdrcmple                      
2000c029  __aeabi_d2iz                          
200079a7  __aeabi_dadd                          
20008b05  __aeabi_ddiv                          
200091c5  __aeabi_dmul                          
2000799d  __aeabi_dsub                          
2000cf45  __aeabi_errno_addr                    
2000c749  __aeabi_i2d                           
20008c3b  __aeabi_idiv0                         
20008c3b  __aeabi_ldiv0                         
2000b2c5  __aeabi_memclr                        
2000b2c5  __aeabi_memclr4                       
2000b2c5  __aeabi_memclr8                       
2000a45d  __aeabi_memcpy                        
2000a45d  __aeabi_memcpy4                       
2000a45d  __aeabi_memcpy8                       
2000b2c7  __aeabi_memset                        
2000b2c7  __aeabi_memset4                       
2000b2c7  __aeabi_memset8                       
2000a88d  __aeabi_uldivmod                      
ffffffff  __binit__                             
ffffffff  __c_args__                            
UNDEFED   __mpu_init                            
2002f000  __stack                               
20017000  __start___llvm_prf_cnts               
20017000  __stop___llvm_prf_cnts                
2000c9f9  _c_int00_noargs                       
2000cf64  _ctypes_                              
2001f2a4  _lock                                 
20007b53  _nop                                  
2000b729  _sl_HandleAsync_Accept                
2000b145  _sl_HandleAsync_Connect               
2000a9b9  _sl_HandleAsync_DnsGetHostByName      
20009ca9  _sl_HandleAsync_DnsGetHostByService   
2000ad0d  _sl_HandleAsync_InitComplete          
2000aa49  _sl_HandleAsync_PingResponse          
2000bc91  _sl_HandleAsync_Select                
2000bd39  _sl_HandleAsync_Stop                  
2000b5f1  _sl_NetAppSendTokenValue              
20017000  _sys_memory                           
UNDEFED   _system_post_cinit                    
2000cf5b  _system_pre_init                      
2001f2a8  _unlock                               
2000cf5f  abort                                 
200090c5  aligned_alloc                         
2000beb9  atoi                                  
ffffffff  binit                                 
2000cf25  copysign                              
2000cf25  copysignl                             
2001f2b4  errno                                 
20009851  free                                  
2000b9d9  frexp                                 
2000b9d9  frexpl                                
2001f278  g_Host                                
2001f27c  g_SlDeviceStatus                      
2001f298  g_SpiFd                               
2001f21c  g__SlNonOsCB                          
2001f215  g_bDeviceRestartIsRequired            
2001f216  g_cDummy                              
2001f280  g_pCB                                 
2001f29c  g_pHostIntHdl                         
20004000  g_pfnVectors                          
2001f1b8  g_time                                
2001f208  g_ucConnectionBSSID                   
2001f1e4  g_ucConnectionSSID                    
2001f2a0  g_ucDMAEnabled                        
2001f168  g_ucDinDout                           
2001f217  g_ucLED1Pin                           
2001f218  g_ucLED2Pin                           
2001f219  g_ucLED3Pin                           
2001f28c  g_uiLED1Port                          
2001f290  g_uiLED2Port                          
2001f294  g_uiLED3Port                          
2001f274  g_ulGatewayIP                         
2001f270  g_ulPingPacketsRecv                   
2001f26c  g_ulStatus                            
20009bd9  ldexp                                 
20009bd9  ldexpl                                
200050e9  main                                  
2000cf4d  malloc                                
200090c5  memalign                              
2000cc25  memccpy                               
2000a45d  memcpy                                
2000c919  memmove                               
2000b2cd  memset                                
2001f284  pPingCallBackFunc                     
20004d3d  printErrConvenience                   
20009935  realloc                               
20009bd9  scalbn                                
20009bd9  scalbnl                               
2000c4c1  simplelink_timerA2_start              
2000b8b9  sl_Close                              
20008035  sl_Connect                            
20009d75  sl_DevGet                             
2000a595  sl_DevSet                             
2000c209  sl_Htonl                              
2000c4fd  sl_Htons                              
20008885  sl_NetAppDnsGetHostByName             
20009a19  sl_NetAppMDNSRegisterUnregisterService
2000b78d  sl_NetAppMDNSUnRegisterService        
2000a62d  sl_NetCfgSet                          
2000c967  sl_Provisioning_HttpServerEventHdl    
2000c975  sl_Provisioning_NetAppEventHdl        
2000c981  sl_Provisioning_WlanEventHdl          
2000a3bd  sl_Recv                               
20008c3d  sl_Send                               
2000a6c5  sl_SetSockOpt                         
2000ad99  sl_Socket                             
200092c1  sl_Start                              
200093b1  sl_Stop                               
20006a71  sl_WlanConnect                        
2000c5ad  sl_WlanDisconnect                     
2000aad9  sl_WlanPolicySet                      
2000b919  sl_WlanProfileDel                     
2000b03d  sl_WlanRxFilterSet                    
2000a75d  sl_WlanSet                            
2000b979  sl_WlanSetMode                        
2000b341  spi_Close                             
200085f9  spi_Open                              
200094a1  spi_Read                              
2000a7f5  spi_Write                             
2000c34d  sprintf                               
2000ce47  strchr                                
2000ce99  strcpy                                
2000cead  strlen                                
2000bf05  uDMAChannelAssign                     
2000b7f1  uDMAChannelAttributeDisable           
2000b855  uDMAChannelAttributeEnable            
2000c539  uDMAChannelControlSet                 
2000cc41  uDMAChannelEnable                     
20009591  uDMAChannelTransferSet                
2000c38d  vsnprintf                             
2000cec1  wcslen                                


GLOBAL SYMBOLS: SORTED BY Symbol Address 

address   name                                  
-------   ----                                  
00001000  __STACK_SIZE                          
00008000  __SYSMEM_SIZE                         
20004000  g_pfnVectors                          
20004401  SimpleLinkWlanEventHandler            
2000450f  SimpleLinkNetAppEventHandler          
200045ad  SimpleLinkHttpServerCallback          
200045d5  SimpleLinkGeneralEventHandler         
200045ef  SimpleLinkSockEventHandler            
20004d3d  printErrConvenience                   
200050e9  main                                  
200056f9  __TI_printfi                          
20006715  GPIO_IF_LedConfigure                  
20006753  GPIO_IF_LedOn                         
20006807  GPIO_IF_LedOff                        
200068bb  GPIO_IF_LedStatus                     
20006925  GPIO_IF_LedToggle                     
20006953  GPIO_IF_GetPortNPin                   
20006999  GPIO_IF_ConfigureNIntEnable           
200069e1  GPIO_IF_Set                           
20006a25  GPIO_IF_Get                           
20006a71  sl_WlanConnect                        
20006cf1  InitTerm                              
20006d0f  Message                               
20006d31  ClearTerm                             
20006d3b  Error                                 
20006d73  GetCmd                                
20006e19  TrimSpace                             
20006eb1  Report                                
2000741d  _SlDrvDataReadOp                      
20007601  _SlDrvReleasePoolObj                  
2000799d  __aeabi_dsub                          
200079a7  __aeabi_dadd                          
20007b53  _nop                                  
20007b55  _SlDrvDriverCBInit                    
20007ea5  _SlDrvWaitForPoolObj                  
20008035  sl_Connect                            
200081c1  PRCMCC3200MCUInit                     
200084a9  _SlDrvDataWriteOp                     
200085f9  spi_Open                              
20008885  sl_NetAppDnsGetHostByName             
20008b05  __aeabi_ddiv                          
20008c3b  __aeabi_idiv0                         
20008c3b  __aeabi_ldiv0                         
20008c3d  sl_Send                               
20008d71  _SlDrvDriverCBDeinit                  
20008fc1  _SlDrvNetAppEventHandler              
200090c5  aligned_alloc                         
200090c5  memalign                              
200091c5  __aeabi_dmul                          
200092c1  sl_Start                              
200093b1  sl_Stop                               
200094a1  spi_Read                              
20009591  uDMAChannelTransferSet                
20009769  _SlDrvMsgReadSpawnCtx                 
20009851  free                                  
20009935  realloc                               
20009a19  sl_NetAppMDNSRegisterUnregisterService
20009bd9  ldexp                                 
20009bd9  ldexpl                                
20009bd9  scalbn                                
20009bd9  scalbnl                               
20009ca9  _sl_HandleAsync_DnsGetHostByService   
20009d75  sl_DevGet                             
20009f05  _SlDrvCmdOp                           
2000a079  _SlNonOsSemGet                        
2000a129  IntDisable                            
2000a1d1  IntEnable                             
2000a279  _SlDriverHandleError                  
2000a31d  SPIConfigSetExpClk                    
2000a3bd  sl_Recv                               
2000a45d  __aeabi_memcpy                        
2000a45d  __aeabi_memcpy4                       
2000a45d  __aeabi_memcpy8                       
2000a45d  memcpy                                
2000a4f9  _SlDrvDeviceEventHandler              
2000a595  sl_DevSet                             
2000a62d  sl_NetCfgSet                          
2000a6c5  sl_SetSockOpt                         
2000a75d  sl_WlanSet                            
2000a7f5  spi_Write                             
2000a88d  __aeabi_uldivmod                      
2000a925  PRCMPeripheralClockGet                
2000a9b9  _sl_HandleAsync_DnsGetHostByName      
2000aa49  _sl_HandleAsync_PingResponse          
2000aad9  sl_WlanPolicySet                      
2000ac81  _SlDrvIsTimeoutExpired                
2000ad0d  _sl_HandleAsync_InitComplete          
2000ad99  sl_Socket                             
2000ae25  PinConfigSet                          
2000aead  __aeabi_cdcmpeq                       
2000aead  __aeabi_cdcmple                       
2000af33  __aeabi_cdrcmple                      
2000afb9  NwpPowerOnPreamble                    
2000b03d  sl_WlanRxFilterSet                    
2000b0c1  GPIOIntTypeSet                        
2000b145  _sl_HandleAsync_Connect               
2000b2c5  __aeabi_memclr                        
2000b2c5  __aeabi_memclr4                       
2000b2c5  __aeabi_memclr8                       
2000b2c7  __aeabi_memset                        
2000b2c7  __aeabi_memset4                       
2000b2c7  __aeabi_memset8                       
2000b2cd  memset                                
2000b341  spi_Close                             
2000b3b9  UARTConfigSetExpClk                   
2000b431  _SlNonOsMainLoopTask                  
2000b585  _SlDrvCmdSend                         
2000b5f1  _sl_NetAppSendTokenValue              
2000b65d  __TI_decompress_lzss                  
2000b6c5  _SlNonOsSpawn                         
2000b729  _sl_HandleAsync_Accept                
2000b78d  sl_NetAppMDNSUnRegisterService        
2000b7f1  uDMAChannelAttributeDisable           
2000b855  uDMAChannelAttributeEnable            
2000b8b9  sl_Close                              
2000b919  sl_WlanProfileDel                     
2000b979  sl_WlanSetMode                        
2000b9d9  frexp                                 
2000b9d9  frexpl                                
2000ba35  IntPendClear                          
2000ba8d  PRCMPeripheralReset                   
2000bae5  PinMuxConfig                          
2000bb95  IntPrioritySet                        
2000bbe9  _SlDrvRxIrqHandler                    
2000bc3d  __TI_ltoa                             
2000bc91  _sl_HandleAsync_Select                
2000bd39  _sl_HandleAsync_Stop                  
2000bd89  SPIIntEnable                          
2000be21  _SlDrvProtectAsyncRespSetting         
2000beb9  atoi                                  
2000bf05  uDMAChannelAssign                     
2000bf99  SPIIntClear                           
2000bfe1  _SlDrvBasicCmd                        
2000c029  __aeabi_d2iz                          
2000c0b5  TimerConfigure                        
2000c0f9  _SlDrvHandleHttpServerEvents          
2000c13d  _SlDrvSyncObjWaitTimeout              
2000c181  __TI_auto_init_nobinit_nopinit        
2000c209  sl_Htonl                              
2000c24d  PinModeSet                            
2000c28d  _SlDrvHandleNetAppEvents              
2000c2cd  _SlDrvHandleWlanEvents                
2000c34d  sprintf                               
2000c38d  vsnprintf                             
2000c3cd  NwpRegisterInterruptHandler           
2000c485  PRCMPeripheralClkEnable               
2000c4c1  simplelink_timerA2_start              
2000c4fd  sl_Htons                              
2000c539  uDMAChannelControlSet                 
2000c575  NwpPowerOff                           
2000c5ad  sl_WlanDisconnect                     
2000c5e5  GPIODirModeSet                        
2000c61d  NwpPowerOn                            
2000c651  PRCMPeripheralStatusGet               
2000c685  SPIFIFOLevelSet                       
2000c6b9  PinTypeGPIO                           
2000c6e9  UARTDisable                           
2000c749  __aeabi_i2d                           
2000c779  PRCMSysResetCauseGet                  
2000c7d1  _SlDrvProtectionObjLockWaitForever    
2000c7fd  TimerLoadSet                          
2000c827  TimerPrescaleSet                      
2000c851  PRCMPeripheralClkDisable              
2000c879  _SlDrvGlobalObjUnLock                 
2000c8a1  _SlDrvProtectionObjUnLock             
2000c8c9  _SlDrvSyncObjWaitForever              
2000c919  memmove                               
2000c941  _SlDrvObjLockWaitForever              
2000c967  sl_Provisioning_HttpServerEventHdl    
2000c975  sl_Provisioning_NetAppEventHdl        
2000c981  sl_Provisioning_WlanEventHdl          
2000c98d  DmaSpiSwIntHandler                    
2000c9b1  IntUnregister                         
2000c9d5  UARTEnable                            
2000c9f9  _c_int00_noargs                       
2000ca1d  SPIReset                              
2000ca3f  SPIWordCountSet                       
2000ca61  GPIOPinWrite                          
2000ca81  IntRegister                           
2000caa1  NwpPrePowerOffTimout0                 
2000cac1  TimerGetCurrentTimestamp              
2000cae1  _SlDrvObjUnLock                       
2000cb01  _SlDrvSyncObjSignal                   
2000cb21  GPIOIntRegister                       
2000cb3f  TimerEnable                           
2000cb5d  UARTCharPut                           
2000cb99  TimerValueGet                         
2000cbb5  UARTCharGetNonBlocking                
2000cbd1  _SlDrvStartMeasureTimeout             
2000cbed  __TI_zero_init_nomemset               
2000cc25  memccpy                               
2000cc41  uDMAChannelEnable                     
2000cc5d  GPIOIntEnable                         
2000cc77  PinTypeUART                           
2000cc91  SPIDmaDisable                         
2000ccab  SPIDmaEnable                          
2000ccc5  SPIFIFODisable                        
2000ccdf  SPIFIFOEnable                         
2000ccf9  SPIIntUnregister                      
2000cd13  GPIOPinRead                           
2000cd2b  SPICSDisable                          
2000cd43  SPICSEnable                           
2000cd5b  SPIDisable                            
2000cd73  SPIEnable                             
2000cd8b  UARTCharsAvail                        
2000cda3  _SlNonOsSemSet                        
2000ce05  PRCMHIBRegRead                        
2000ce1b  PRCMHIBRegWrite                       
2000ce31  _SlDrvMemZero                         
2000ce47  strchr                                
2000ce5d  CPUcpsie                              
2000ce71  GPIOIntClear                          
2000ce85  IntVTableBaseSet                      
2000ce99  strcpy                                
2000cead  strlen                                
2000cec1  wcslen                                
2000ced3  _SlDrvDispatchHttpServerEvents        
2000cee3  _SlDrvResetCmdExt                     
2000cef1  __TI_decompress_none                  
2000ceff  ResetISR                              
2000cf0d  NwpMaskInterrupt                      
2000cf19  NwpUnMaskInterrupt                    
2000cf25  copysign                              
2000cf25  copysignl                             
2000cf31  IntMasterEnable                       
2000cf45  __aeabi_errno_addr                    
2000cf4d  malloc                                
2000cf55  UtilsDelay                            
2000cf5b  _system_pre_init                      
2000cf5f  C$$EXIT                               
2000cf5f  abort                                 
2000cf64  _ctypes_                              
2000d2e4  OpcodeTranslateTable                  
2000d320  _SlActionLookupTable                  
2000d536  _SlNetAppSendTokenValueCmdCtrl        
2000d578  __TI_static_base__                    
2000d5ac  __TI_Handler_Table_Base               
2000d5b8  __TI_Handler_Table_Limit              
2000d5c0  __TI_CINIT_Base                       
2000d5d0  __TI_CINIT_Limit                      
20017000  __start___llvm_prf_cnts               
20017000  __stop___llvm_prf_cnts                
20017000  _sys_memory                           
2001f168  g_ucDinDout                           
2001f1b8  g_time                                
2001f1e4  g_ucConnectionSSID                    
2001f208  g_ucConnectionBSSID                   
2001f214  RxIrqCnt                              
2001f215  g_bDeviceRestartIsRequired            
2001f216  g_cDummy                              
2001f217  g_ucLED1Pin                           
2001f218  g_ucLED2Pin                           
2001f219  g_ucLED3Pin                           
2001f21c  g__SlNonOsCB                          
2001f26c  g_ulStatus                            
2001f270  g_ulPingPacketsRecv                   
2001f274  g_ulGatewayIP                         
2001f278  g_Host                                
2001f27c  g_SlDeviceStatus                      
2001f280  g_pCB                                 
2001f284  pPingCallBackFunc                     
2001f28c  g_uiLED1Port                          
2001f290  g_uiLED2Port                          
2001f294  g_uiLED3Port                          
2001f298  g_SpiFd                               
2001f29c  g_pHostIntHdl                         
2001f2a0  g_ucDMAEnabled                        
2001f2a4  _lock                                 
2001f2a8  _unlock                               
2001f2b4  errno                                 
2002f000  __stack                               
20030000  __STACK_END                           
ffffffff  __TI_pprof_out_hndl                   
ffffffff  __TI_prof_data_size                   
ffffffff  __TI_prof_data_start                  
ffffffff  __binit__                             
ffffffff  __c_args__                            
ffffffff  binit                                 
UNDEFED   __mpu_init                            
UNDEFED   _system_post_cinit                    

[280 symbols]
